Component: ARM Compiler 5.05 update 1 (build 106) Tool: armlink [4d0efa]

==============================================================================

Section Cross References

    system_stm32f10x.o(i.SetSysClock) refers to system_stm32f10x.o(i.SetSysClockTo72) for SetSysClockTo72
    system_stm32f10x.o(i.SystemCoreClockUpdate) refers to system_stm32f10x.o(.data) for SystemCoreClock
    system_stm32f10x.o(i.SystemInit) refers to system_stm32f10x.o(i.SetSysClock) for SetSysClock
    startup_stm32f10x_md.o(STACK) refers (Special) to heapauxi.o(.text) for __use_two_region_memory
    startup_stm32f10x_md.o(HEAP) refers (Special) to heapauxi.o(.text) for __use_two_region_memory
    startup_stm32f10x_md.o(RESET) refers (Special) to heapauxi.o(.text) for __use_two_region_memory
    startup_stm32f10x_md.o(RESET) refers to startup_stm32f10x_md.o(STACK) for __initial_sp
    startup_stm32f10x_md.o(RESET) refers to startup_stm32f10x_md.o(.text) for Reset_Handler
    startup_stm32f10x_md.o(RESET) refers to stm32f10x_it.o(i.NMI_Handler) for NMI_Handler
    startup_stm32f10x_md.o(RESET) refers to stm32f10x_it.o(i.HardFault_Handler) for HardFault_Handler
    startup_stm32f10x_md.o(RESET) refers to stm32f10x_it.o(i.MemManage_Handler) for MemManage_Handler
    startup_stm32f10x_md.o(RESET) refers to stm32f10x_it.o(i.BusFault_Handler) for BusFault_Handler
    startup_stm32f10x_md.o(RESET) refers to stm32f10x_it.o(i.UsageFault_Handler) for UsageFault_Handler
    startup_stm32f10x_md.o(RESET) refers to stm32f10x_it.o(i.SVC_Handler) for SVC_Handler
    startup_stm32f10x_md.o(RESET) refers to stm32f10x_it.o(i.DebugMon_Handler) for DebugMon_Handler
    startup_stm32f10x_md.o(RESET) refers to stm32f10x_it.o(i.PendSV_Handler) for PendSV_Handler
    startup_stm32f10x_md.o(RESET) refers to delay.o(i.SysTick_Handler) for SysTick_Handler
    startup_stm32f10x_md.o(RESET) refers to iic.o(i.I2C1_EV_IRQHandler) for I2C1_EV_IRQHandler
    startup_stm32f10x_md.o(RESET) refers to iic.o(i.I2C1_ER_IRQHandler) for I2C1_ER_IRQHandler
    startup_stm32f10x_md.o(RESET) refers to iic.o(i.I2C2_EV_IRQHandler) for I2C2_EV_IRQHandler
    startup_stm32f10x_md.o(RESET) refers to iic.o(i.I2C2_ER_IRQHandler) for I2C2_ER_IRQHandler
    startup_stm32f10x_md.o(RESET) refers to usart.o(i.USART1_IRQHandler) for USART1_IRQHandler
    startup_stm32f10x_md.o(RESET) refers to usart.o(i.USART2_IRQHandler) for USART2_IRQHandler
    startup_stm32f10x_md.o(RESET) refers to wifi_esp.o(i.USART3_IRQHandler) for USART3_IRQHandler
    startup_stm32f10x_md.o(.text) refers (Special) to heapauxi.o(.text) for __use_two_region_memory
    startup_stm32f10x_md.o(.text) refers to system_stm32f10x.o(i.SystemInit) for SystemInit
    startup_stm32f10x_md.o(.text) refers to __main.o(!!!main) for __main
    startup_stm32f10x_md.o(.text) refers to startup_stm32f10x_md.o(HEAP) for Heap_Mem
    startup_stm32f10x_md.o(.text) refers to startup_stm32f10x_md.o(STACK) for Stack_Mem
    ad.o(i.AD_Filter) refers to ad.o(i.Get_ADC) for Get_ADC
    ad.o(i.Adc_Init) refers to ad.o(i.Ad_Perph_Init) for Ad_Perph_Init
    ad.o(i.Adc_Init) refers to ad.o(i.Adcio_Init) for Adcio_Init
    ad.o(i.Adcio_Init) refers to stm32f10x_rcc.o(i.RCC_APB2PeriphClockCmd) for RCC_APB2PeriphClockCmd
    ad.o(i.Adcio_Init) refers to stm32f10x_gpio.o(i.GPIO_Init) for GPIO_Init
    ad.o(i.Adcio_Init) refers to ad.o(.constdata) for AD_IO_CONFIG
    ad.o(i.Get_ADC) refers to stm32f10x_adc.o(i.ADC_RegularChannelConfig) for ADC_RegularChannelConfig
    ad.o(i.Get_ADC) refers to stm32f10x_adc.o(i.ADC_SoftwareStartConvCmd) for ADC_SoftwareStartConvCmd
    ad.o(i.Get_ADC) refers to stm32f10x_adc.o(i.ADC_GetFlagStatus) for ADC_GetFlagStatus
    ad.o(i.Get_ADC) refers to stm32f10x_adc.o(i.ADC_GetConversionValue) for ADC_GetConversionValue
    ad.o(i.Get_ADC) refers to ad.o(.data) for ad_buff
    can.o(i.Can_Config_Init) refers to stm32f10x_rcc.o(i.RCC_APB1PeriphClockCmd) for RCC_APB1PeriphClockCmd
    can.o(i.Can_Config_Init) refers to stm32f10x_rcc.o(i.RCC_APB2PeriphClockCmd) for RCC_APB2PeriphClockCmd
    can.o(i.Can_Config_Init) refers to stm32f10x_gpio.o(i.GPIO_Init) for GPIO_Init
    can.o(i.Can_Config_Init) refers to stm32f10x_can.o(i.CAN_Init) for CAN_Init
    can.o(i.Can_Config_Init) refers to stm32f10x_can.o(i.CAN_FilterInit) for CAN_FilterInit
    can.o(i.Can_Config_Init) refers to noretval__2printf.o(.text) for __2printf
    can.o(i.Can_Config_Init) refers to usart.o(.data) for USE_USART
    can.o(i.Can_Receive_Msg) refers to stm32f10x_can.o(i.CAN_MessagePending) for CAN_MessagePending
    can.o(i.Can_Receive_Msg) refers to stm32f10x_can.o(i.CAN_Receive) for CAN_Receive
    can.o(i.Can_Send_date) refers to stm32f10x_can.o(i.CAN_Transmit) for CAN_Transmit
    can.o(i.Can_Send_date) refers to stm32f10x_can.o(i.CAN_TransmitStatus) for CAN_TransmitStatus
    da.o(i.DA_GPIO_Configuration) refers to stm32f10x_rcc.o(i.RCC_APB2PeriphClockCmd) for RCC_APB2PeriphClockCmd
[...]
    Removing stm32f10x_tim.o(i.TIM_CounterModeConfig), (18 bytes).
    Removing stm32f10x_tim.o(i.TIM_CtrlPWMOutputs), (30 bytes).
    Removing stm32f10x_tim.o(i.TIM_DMACmd), (18 bytes).
    Removing stm32f10x_tim.o(i.TIM_DMAConfig), (10 bytes).
    Removing stm32f10x_tim.o(i.TIM_DeInit), (488 bytes).
    Removing stm32f10x_tim.o(i.TIM_ETRClockMode1Config), (54 bytes).
    Removing stm32f10x_tim.o(i.TIM_ETRClockMode2Config), (32 bytes).
    Removing stm32f10x_tim.o(i.TIM_ETRConfig), (28 bytes).
    Removing stm32f10x_tim.o(i.TIM_EncoderInterfaceConfig), (66 bytes).
    Removing stm32f10x_tim.o(i.TIM_ForcedOC1Config), (18 bytes).
    Removing stm32f10x_tim.o(i.TIM_ForcedOC2Config), (26 bytes).
    Removing stm32f10x_tim.o(i.TIM_ForcedOC3Config), (18 bytes).
    Removing stm32f10x_tim.o(i.TIM_ForcedOC4Config), (26 bytes).
    Removing stm32f10x_tim.o(i.TIM_GenerateEvent), (4 bytes).
    Removing stm32f10x_tim.o(i.TIM_GetCapture1), (6 bytes).
    Removing stm32f10x_tim.o(i.TIM_GetCapture2), (6 bytes).
    Removing stm32f10x_tim.o(i.TIM_GetCapture3), (6 bytes).
    Removing stm32f10x_tim.o(i.TIM_GetCapture4), (8 bytes).
    Removing stm32f10x_tim.o(i.TIM_GetCounter), (6 bytes).
    Removing stm32f10x_tim.o(i.TIM_GetFlagStatus), (18 bytes).
    Removing stm32f10x_tim.o(i.TIM_GetITStatus), (34 bytes).
    Removing stm32f10x_tim.o(i.TIM_GetPrescaler), (6 bytes).
    Removing stm32f10x_tim.o(i.TIM_ICInit), (172 bytes).
    Removing stm32f10x_tim.o(i.TIM_ICStructInit), (18 bytes).
    Removing stm32f10x_tim.o(i.TIM_ITConfig), (18 bytes).
    Removing stm32f10x_tim.o(i.TIM_ITRxExternalClockConfig), (24 bytes).
    Removing stm32f10x_tim.o(i.TIM_InternalClockConfig), (12 bytes).
    Removing stm32f10x_tim.o(i.TIM_OC1FastConfig), (18 bytes).
    Removing stm32f10x_tim.o(i.TIM_OC1Init), (152 bytes).
    Removing stm32f10x_tim.o(i.TIM_OC1NPolarityConfig), (18 bytes).
    Removing stm32f10x_tim.o(i.TIM_OC1PolarityConfig), (18 bytes).
    Removing stm32f10x_tim.o(i.TIM_OC1PreloadConfig), (18 bytes).
    Removing stm32f10x_tim.o(i.TIM_OC2FastConfig), (26 bytes).
    Removing stm32f10x_tim.o(i.TIM_OC2Init), (164 bytes).
    Removing stm32f10x_tim.o(i.TIM_OC2NPolarityConfig), (26 bytes).
    Removing stm32f10x_tim.o(i.TIM_OC2PolarityConfig), (26 bytes).
    Removing stm32f10x_tim.o(i.TIM_OC2PreloadConfig), (26 bytes).
    Removing stm32f10x_tim.o(i.TIM_OC3FastConfig), (18 bytes).
    Removing stm32f10x_tim.o(i.TIM_OC3Init), (160 bytes).
    Removing stm32f10x_tim.o(i.TIM_OC3NPolarityConfig), (26 bytes).
    Removing stm32f10x_tim.o(i.TIM_OC3PolarityConfig), (26 bytes).
    Removing stm32f10x_tim.o(i.TIM_OC3PreloadConfig), (18 bytes).
    Removing stm32f10x_tim.o(i.TIM_OC4FastConfig), (26 bytes).
    Removing stm32f10x_tim.o(i.TIM_OC4Init), (124 bytes).
    Removing stm32f10x_tim.o(i.TIM_OC4PolarityConfig), (26 bytes).
    Removing stm32f10x_tim.o(i.TIM_OC4PreloadConfig), (26 bytes).
    Removing stm32f10x_tim.o(i.TIM_OCStructInit), (20 bytes).
    Removing stm32f10x_tim.o(i.TIM_PWMIConfig), (124 bytes).
    Removing stm32f10x_tim.o(i.TIM_PrescalerConfig), (6 bytes).
    Removing stm32f10x_tim.o(i.TIM_SelectCCDMA), (24 bytes).
    Removing stm32f10x_tim.o(i.TIM_SelectCOM), (24 bytes).
    Removing stm32f10x_tim.o(i.TIM_SelectHallSensor), (24 bytes).
    Removing stm32f10x_tim.o(i.TIM_SelectInputTrigger), (18 bytes).
    Removing stm32f10x_tim.o(i.TIM_SelectMasterSlaveMode), (18 bytes).
    Removing stm32f10x_tim.o(i.TIM_SelectOCxM), (82 bytes).
    Removing stm32f10x_tim.o(i.TIM_SelectOnePulseMode), (18 bytes).
    Removing stm32f10x_tim.o(i.TIM_SelectOutputTrigger), (18 bytes).
    Removing stm32f10x_tim.o(i.TIM_SelectSlaveMode), (18 bytes).
    Removing stm32f10x_tim.o(i.TIM_SetAutoreload), (4 bytes).
    Removing stm32f10x_tim.o(i.TIM_SetClockDivision), (18 bytes).
    Removing stm32f10x_tim.o(i.TIM_SetCompare1), (4 bytes).
    Removing stm32f10x_tim.o(i.TIM_SetCompare2), (4 bytes).
    Removing stm32f10x_tim.o(i.TIM_SetCompare3), (4 bytes).
    Removing stm32f10x_tim.o(i.TIM_SetCompare4), (6 bytes).
    Removing stm32f10x_tim.o(i.TIM_SetCounter), (4 bytes).
    Removing stm32f10x_tim.o(i.TIM_SetIC1Prescaler), (18 bytes).
    Removing stm32f10x_tim.o(i.TIM_SetIC2Prescaler), (26 bytes).
    Removing stm32f10x_tim.o(i.TIM_SetIC3Prescaler), (18 bytes).
    Removing stm32f10x_tim.o(i.TIM_SetIC4Prescaler), (26 bytes).
    Removing stm32f10x_tim.o(i.TIM_TIxExternalClockConfig), (62 bytes).
    Removing stm32f10x_tim.o(i.TIM_TimeBaseInit), (164 bytes).
    Removing stm32f10x_tim.o(i.TIM_TimeBaseStructInit), (18 bytes).
    Removing stm32f10x_tim.o(i.TIM_UpdateDisableConfig), (24 bytes).
    Removing stm32f10x_tim.o(i.TIM_UpdateRequestConfig), (24 bytes).
    Removing stm32f10x_usart.o(i.USART_ClearFlag), (18 bytes).
    Removing stm32f10x_usart.o(i.USART_ClearITPendingBit), (30 bytes).
    Removing stm32f10x_usart.o(i.USART_ClockInit), (34 bytes).
    Removing stm32f10x_usart.o(i.USART_ClockStructInit), (12 bytes).
    Removing stm32f10x_usart.o(i.USART_DMACmd), (18 bytes).
    Removing stm32f10x_usart.o(i.USART_DeInit), (156 bytes).
    Removing stm32f10x_usart.o(i.USART_GetFlagStatus), (26 bytes).
    Removing stm32f10x_usart.o(i.USART_HalfDuplexCmd), (24 bytes).
    Removing stm32f10x_usart.o(i.USART_IrDACmd), (24 bytes).
    Removing stm32f10x_usart.o(i.USART_IrDAConfig), (18 bytes).
    Removing stm32f10x_usart.o(i.USART_LINBreakDetectLengthConfig), (18 bytes).
    Removing stm32f10x_usart.o(i.USART_LINCmd), (24 bytes).
    Removing stm32f10x_usart.o(i.USART_OneBitMethodCmd), (24 bytes).
    Removing stm32f10x_usart.o(i.USART_OverSampling8Cmd), (22 bytes).
    Removing stm32f10x_usart.o(i.USART_ReceiverWakeUpCmd), (24 bytes).
    Removing stm32f10x_usart.o(i.USART_SendBreak), (10 bytes).
    Removing stm32f10x_usart.o(i.USART_SetAddress), (18 bytes).
    Removing stm32f10x_usart.o(i.USART_SetGuardTime), (16 bytes).
    Removing stm32f10x_usart.o(i.USART_SetPrescaler), (16 bytes).
    Removing stm32f10x_usart.o(i.USART_SmartCardCmd), (24 bytes).
    Removing stm32f10x_usart.o(i.USART_SmartCardNACKCmd), (24 bytes).
    Removing stm32f10x_usart.o(i.USART_StructInit), (24 bytes).
    Removing stm32f10x_usart.o(i.USART_WakeUpConfig), (18 bytes).
    Removing stm32f10x_wwdg.o(i.WWDG_ClearFlag), (12 bytes).
    Removing stm32f10x_wwdg.o(i.WWDG_DeInit), (22 bytes).
    Removing stm32f10x_wwdg.o(i.WWDG_Enable), (16 bytes).
    Removing stm32f10x_wwdg.o(i.WWDG_EnableIT), (12 bytes).
    Removing stm32f10x_wwdg.o(i.WWDG_GetFlagStatus), (12 bytes).
    Removing stm32f10x_wwdg.o(i.WWDG_SetCounter), (16 bytes).
    Removing stm32f10x_wwdg.o(i.WWDG_SetPrescaler), (24 bytes).
    Removing stm32f10x_wwdg.o(i.WWDG_SetWindowValue), (40 bytes).

860 unused section(s) (total 68510 bytes) removed from the image.

==============================================================================

Image Symbol Table

    Local Symbols

    Symbol Name                              Value     Ov Type        Size  Object(Section)

    ../clib/angel/boardlib.s                 0x00000000   Number         0  boardshut.o ABSOLUTE
    ../clib/angel/boardlib.s                 0x00000000   Number         0  boardinit3.o ABSOLUTE
    ../clib/angel/boardlib.s                 0x00000000   Number         0  boardinit1.o ABSOLUTE
    ../clib/angel/boardlib.s                 0x00000000   Number         0  boardinit2.o ABSOLUTE
    ../clib/angel/handlers.s                 0x00000000   Number         0  __scatter_copy.o ABSOLUTE
    ../clib/angel/handlers.s                 0x00000000   Number         0  __scatter_zi.o ABSOLUTE
    ../clib/angel/kernel.s                   0x00000000   Number         0  __rtentry2.o ABSOLUTE
    ../clib/angel/kernel.s                   0x00000000   Number         0  __rtentry4.o ABSOLUTE
    ../clib/angel/kernel.s                   0x00000000   Number         0  rtexit2.o ABSOLUTE
    ../clib/angel/kernel.s                   0x00000000   Number         0  rtexit.o ABSOLUTE
    ../clib/angel/kernel.s                   0x00000000   Number         0  __rtentry.o ABSOLUTE
    ../clib/angel/rt.s                       0x00000000   Number         0  rt_raise.o ABSOLUTE
    ../clib/angel/rt.s                       0x00000000   Number         0  rt_errno_addr.o ABSOLUTE
    ../clib/angel/rt.s                       0x00000000   Number         0  rt_errno_addr_intlibspace.o ABSOLUTE
    ../clib/angel/scatter.s                  0x00000000   Number         0  __scatter.o ABSOLUTE
    ../clib/angel/startup.s                  0x00000000   Number         0  __main.o ABSOLUTE
    ../clib/angel/sys.s                      0x00000000   Number         0  sys_stackheap_outer.o ABSOLUTE
    ../clib/angel/sys.s                      0x00000000   Number         0  use_no_semi_2.o ABSOLUTE
    ../clib/angel/sys.s                      0x00000000   Number         0  use_no_semi.o ABSOLUTE
    ../clib/angel/sys.s                      0x00000000   Number         0  indicate_semi.o ABSOLUTE
    ../clib/angel/sys.s                      0x00000000   Number         0  libspace.o ABSOLUTE
    ../clib/angel/sysapp.c                   0x00000000   Number         0  sys_command.o ABSOLUTE
    ../clib/angel/sysapp.c                   0x00000000   Number         0  sys_wrch.o ABSOLUTE
    ../clib/armsys.c                         0x00000000   Number         0  no_argv.o ABSOLUTE
    ../clib/armsys.c                         0x00000000   Number         0  argv_veneer.o ABSOLUTE
    ../clib/armsys.c                         0x00000000   Number         0  argv_veneer.o ABSOLUTE
    ../clib/armsys.c                         0x00000000   Number         0  _get_argv_nomalloc.o ABSOLUTE
    ../clib/fenv.c                           0x00000000   Number         0  _rserrno.o ABSOLUTE
    ../clib/heapalloc.c                      0x00000000   Number         0  hrguard.o ABSOLUTE
    ../clib/heapaux.c                        0x00000000   Number         0  heapauxi.o ABSOLUTE
    ../clib/libinit.s                        0x00000000   Number         0  libinit2.o ABSOLUTE
    ../clib/libinit.s                        0x00000000   Number         0  libshutdown2.o ABSOLUTE
    ../clib/libinit.s                        0x00000000   Number         0  libinit.o ABSOLUTE
    ../clib/libinit.s                        0x00000000   Number         0  libshutdown.o ABSOLUTE
    ../clib/memcpset.s                       0x00000000   Number         0  rt_memclr.o ABSOLUTE
    ../clib/memcpset.s                       0x00000000   Number         0  rt_memclr_w.o ABSOLUTE
    ../clib/memcpset.s                       0x00000000   Number         0  rt_memcpy_v6.o ABSOLUTE
    ../clib/memcpset.s                       0x00000000   Number         0  rt_memcpy_w.o ABSOLUTE
    ../clib/memcpset.s                       0x00000000   Number         0  strncpy.o ABSOLUTE
    ../clib/printf.c                         0x00000000   Number         0  __printf_flags.o ABSOLUTE
    ../clib/printf.c                         0x00000000   Number         0  __printf_flags_ss.o ABSOLUTE
    ../clib/printf.c                         0x00000000   Number         0  noretval__2sprintf.o ABSOLUTE
    ../clib/printf.c                         0x00000000   Number         0  __printf_nopercent.o ABSOLUTE
    ../clib/printf.c                         0x00000000   Number         0  __printf_wp.o ABSOLUTE
    ../clib/printf.c                         0x00000000   Number         0  _sputc.o ABSOLUTE
    ../clib/printf.c                         0x00000000   Number         0  noretval__2printf.o ABSOLUTE
    ../clib/printf.c                         0x00000000   Number         0  __2printf.o ABSOLUTE
    ../clib/printf.c                         0x00000000   Number         0  __printf_flags_ss_wp.o ABSOLUTE
    ../clib/printf.c                         0x00000000   Number         0  _printf_intcommon.o ABSOLUTE
    ../clib/printf.c                         0x00000000   Number         0  _printf_char.o ABSOLUTE
    ../clib/printf.c                         0x00000000   Number         0  _printf_char_file.o ABSOLUTE
    ../clib/printf.c                         0x00000000   Number         0  __printf_flags_wp.o ABSOLUTE
    ../clib/printf.c                         0x00000000   Number         0  __printf.o ABSOLUTE
    ../clib/printf.c                         0x00000000   Number         0  __2sprintf.o ABSOLUTE
    ../clib/printf.c                         0x00000000   Number         0  _printf_str.o ABSOLUTE
    ../clib/printf.c                         0x00000000   Number         0  __printf_ss_wp.o ABSOLUTE
    ../clib/printf.c                         0x00000000   Number         0  _printf_char_common.o ABSOLUTE
    ../clib/printf.c                         0x00000000   Number         0  __printf_ss.o ABSOLUTE
    ../clib/printf.c                         0x00000000   Number         0  _printf_dec.o ABSOLUTE
    ../clib/printf_percent.s                 0x00000000   Number         0  _printf_s.o ABSOLUTE
    ../clib/printf_percent.s                 0x00000000   Number         0  _printf_percent_end.o ABSOLUTE
    ../clib/printf_percent.s                 0x00000000   Number         0  _printf_d.o ABSOLUTE
    ../clib/printf_percent.s                 0x00000000   Number         0  _printf_percent.o ABSOLUTE
    ../clib/signal.c                         0x00000000   Number         0  defsig_exit.o ABSOLUTE
    ../clib/signal.c                         0x00000000   Number         0  defsig_rtmem_formal.o ABSOLUTE
    ../clib/signal.c                         0x00000000   Number         0  defsig_stak_inner.o ABSOLUTE
    ../clib/signal.c                         0x00000000   Number         0  defsig_rtmem_inner.o ABSOLUTE
    ../clib/signal.c                         0x00000000   Number         0  defsig_pvfn_inner.o ABSOLUTE
    ../clib/signal.c                         0x00000000   Number         0  defsig_cppl_inner.o ABSOLUTE
    ../clib/signal.c                         0x00000000   Number         0  defsig_segv_inner.o ABSOLUTE
    ../clib/signal.c                         0x00000000   Number         0  defsig_other.o ABSOLUTE
    ../clib/signal.c                         0x00000000   Number         0  defsig_rtmem_outer.o ABSOLUTE
    ../clib/signal.c                         0x00000000   Number         0  defsig_general.o ABSOLUTE
    ../clib/signal.c                         0x00000000   Number         0  __raise.o ABSOLUTE
    ../clib/signal.c                         0x00000000   Number         0  defsig_abrt_inner.o ABSOLUTE
    ../clib/signal.c                         0x00000000   Number         0  defsig_rtred_inner.o ABSOLUTE
    ../clib/signal.c                         0x00000000   Number         0  defsig_fpe_inner.o ABSOLUTE
    ../clib/signal.s                         0x00000000   Number         0  defsig.o ABSOLUTE
    ../clib/stdio.c                          0x00000000   Number         0  ferror.o ABSOLUTE
    ../clib/stdio.c                          0x00000000   Number         0  ferror_locked.o ABSOLUTE
    ../clib/stdlib.c                         0x00000000   Number         0  exit.o ABSOLUTE
    ../clib/string.c                         0x00000000   Number         0  strncmp.o ABSOLUTE
    ../clib/string.c                         0x00000000   Number         0  strlen.o ABSOLUTE
    ../clib/string.c                         0x00000000   Number         0  strstr.o ABSOLUTE
    ../fplib/d2f.s                           0x00000000   Number         0  d2f.o ABSOLUTE
    ../fplib/daddsub.s                       0x00000000   Number         0  daddsub_clz.o ABSOLUTE
    ../fplib/dcheck1.s                       0x00000000   Number         0  dcheck1.o ABSOLUTE
    ../fplib/dcmpi.s                         0x00000000   Number         0  dcmpi.o ABSOLUTE
    ../fplib/ddiv.s                          0x00000000   Number         0  ddiv.o ABSOLUTE
    ../fplib/dfix.s                          0x00000000   Number         0  dfix.o ABSOLUTE
    ../fplib/dflt.s                          0x00000000   Number         0  dflt_clz.o ABSOLUTE
    ../fplib/dleqf.s                         0x00000000   Number         0  dleqf.o ABSOLUTE
    ../fplib/dmul.s                          0x00000000   Number         0  dmul.o ABSOLUTE
    ../fplib/dnaninf.s                       0x00000000   Number         0  dnaninf.o ABSOLUTE
    ../fplib/dretinf.s                       0x00000000   Number         0  dretinf.o ABSOLUTE
    ../fplib/drleqf.s                        0x00000000   Number         0  drleqf.o ABSOLUTE
    ../fplib/dsqrt.s                         0x00000000   Number         0  dsqrt_noumaal.o ABSOLUTE
    ../fplib/f2d.s                           0x00000000   Number         0  f2d.o ABSOLUTE
    ../fplib/faddsub.s                       0x00000000   Number         0  faddsub_clz.o ABSOLUTE
    ../fplib/fcheck1.s                       0x00000000   Number         0  fcheck1.o ABSOLUTE
    ../fplib/fcmpi.s                         0x00000000   Number         0  fcmpi.o ABSOLUTE
    ../fplib/fdiv.s                          0x00000000   Number         0  fdiv.o ABSOLUTE
    ../fplib/feqf.s                          0x00000000   Number         0  feqf.o ABSOLUTE
    ../fplib/ffix.s                          0x00000000   Number         0  ffix.o ABSOLUTE
    ../fplib/ffixu.s                         0x00000000   Number         0  ffixu.o ABSOLUTE
    ../fplib/fflt.s                          0x00000000   Number         0  fflt_clz.o ABSOLUTE
    ../fplib/fleqf.s                         0x00000000   Number         0  fleqf.o ABSOLUTE
    ../fplib/fmul.s                          0x00000000   Number         0  fmul.o ABSOLUTE
    ../fplib/fnaninf.s                       0x00000000   Number         0  fnaninf.o ABSOLUTE
    ../fplib/fpinit.s                        0x00000000   Number         0  fpinit.o ABSOLUTE
    ../fplib/fretinf.s                       0x00000000   Number         0  fretinf.o ABSOLUTE
    ../fplib/frleqf.s                        0x00000000   Number         0  frleqf.o ABSOLUTE
    ../fplib/frnd.s                          0x00000000   Number         0  frnd.o ABSOLUTE
    ../fplib/fsqrt.s                         0x00000000   Number         0  fsqrt.o ABSOLUTE
    ../fplib/retnan.s                        0x00000000   Number         0  retnan.o ABSOLUTE
    ../fplib/scalbn.s                        0x00000000   Number         0  scalbn.o ABSOLUTE
    ../fplib/scalbnf.s                       0x00000000   Number         0  scalbnf.o ABSOLUTE
    ../fplib/trapv.s                         0x00000000   Number         0  trapv.o ABSOLUTE
    ../fplib/usenofp.s                       0x00000000   Number         0  usenofp.o ABSOLUTE
    ../mathlib/asin.c                        0x00000000   Number         0  asin.o ABSOLUTE
    ../mathlib/asin.c                        0x00000000   Number         0  asin_x.o ABSOLUTE
    ../mathlib/atan.c                        0x00000000   Number         0  atan_x.o ABSOLUTE
    ../mathlib/atan.c                        0x00000000   Number         0  atan.o ABSOLUTE
    ../mathlib/atan2.c                       0x00000000   Number         0  atan2.o ABSOLUTE
    ../mathlib/atan2.c                       0x00000000   Number         0  atan2_x.o ABSOLUTE
    ../mathlib/atan2f.c                      0x00000000   Number         0  atan2f.o ABSOLUTE
    ../mathlib/atan2f.c                      0x00000000   Number         0  atan2f_x.o ABSOLUTE
    ../mathlib/cosf.c                        0x00000000   Number         0  cosf_x.o ABSOLUTE
    ../mathlib/cosf.c                        0x00000000   Number         0  cosf.o ABSOLUTE
    ../mathlib/dunder.c                      0x00000000   Number         0  dunder.o ABSOLUTE
    ../mathlib/fpclassify.c                  0x00000000   Number         0  fpclassify.o ABSOLUTE
    ../mathlib/fpclassifyf.c                 0x00000000   Number         0  fpclassifyf.o ABSOLUTE
    ../mathlib/funder.c                      0x00000000   Number         0  funder.o ABSOLUTE
    ../mathlib/poly.c                        0x00000000   Number         0  poly.o ABSOLUTE
    ../mathlib/pow.c                         0x00000000   Number         0  pow.o ABSOLUTE
    ../mathlib/pow.c                         0x00000000   Number         0  pow_x.o ABSOLUTE
    ../mathlib/qnan.c                        0x00000000   Number         0  qnan.o ABSOLUTE
    ../mathlib/rredf.c                       0x00000000   Number         0  rredf.o ABSOLUTE
    ../mathlib/sinf.c                        0x00000000   Number         0  sinf.o ABSOLUTE
    ../mathlib/sinf.c                        0x00000000   Number         0  sinf_x.o ABSOLUTE
    ../mathlib/sqrt.c                        0x00000000   Number         0  sqrt_x.o ABSOLUTE
    ../mathlib/sqrt.c                        0x00000000   Number         0  sqrt.o ABSOLUTE
    ../mathlib/sqrtf.c                       0x00000000   Number         0  sqrtf_x.o ABSOLUTE
    ../mathlib/sqrtf.c                       0x00000000   Number         0  sqrtf.o ABSOLUTE
    ..\CORE\core_cm3.c                       0x00000000   Number         0  core_cm3.o ABSOLUTE
    ..\CORE\startup_stm32f10x_md.s           0x00000000   Number         0  startup_stm32f10x_md.o ABSOLUTE
    ..\CORE\stm32f10x_it.c                   0x00000000   Number         0  stm32f10x_it.o ABSOLUTE
    ..\CORE\system_stm32f10x.c               0x00000000   Number         0  system_stm32f10x.o ABSOLUTE
    ..\DRIVERS\AD\ad.c                       0x00000000   Number         0  ad.o ABSOLUTE
    ..\DRIVERS\CAN\can.c                     0x00000000   Number         0  can.o ABSOLUTE
    ..\DRIVERS\DAC\da.c                      0x00000000   Number         0  da.o ABSOLUTE
    ..\DRIVERS\FLASH_ST\flash_st.c           0x00000000   Number         0  flash_st.o ABSOLUTE
    ..\DRIVERS\IIC\iic.c                     0x00000000   Number         0  iic.o ABSOLUTE
    ..\DRIVERS\INIT\init.c                   0x00000000   Number         0  init.o ABSOLUTE
    ..\DRIVERS\SPI\spi.c                     0x00000000   Number         0  spi.o ABSOLUTE
    ..\DRIVERS\UART\usart.c                  0x00000000   Number         0  usart.o ABSOLUTE
    ..\DRIVERS\delay\delay.c                 0x00000000   Number         0  delay.o ABSOLUTE
    ..\LIBRRARY\FAST_COPY\fast_copy.c        0x00000000   Number         0  fast_copy.o ABSOLUTE
    ..\LIBRRARY\GUI\GUI.c                    0x00000000   Number         0  gui.o ABSOLUTE
    ..\LIBRRARY\MESSG_DATA\messg_recive.c    0x00000000   Number         0  messg_recive.o ABSOLUTE
    ..\LIBRRARY\MESSG_DATA\messg_send.c      0x00000000   Number         0  messg_send.o ABSOLUTE
    ..\LIBRRARY\PARAM\param.c                0x00000000   Number         0  param.o ABSOLUTE
    ..\MAIN\main.c                           0x00000000   Number         0  main.o ABSOLUTE
    ..\MODULES\BC28_NB\bc28_nb.c             0x00000000   Number         0  bc28_nb.o ABSOLUTE
    ..\MODULES\DHT11\dht11.c                 0x00000000   Number         0  dht11.o ABSOLUTE
    ..\MODULES\DS18B20\ds18b20.c             0x00000000   Number         0  ds18b20.o ABSOLUTE
    ..\MODULES\FM25V01\fm25v01.c             0x00000000   Number         0  fm25v01.o ABSOLUTE
    ..\MODULES\LCD_OLED\Lcd_Driver.c         0x00000000   Number         0  lcd_driver.o ABSOLUTE
    ..\MODULES\LED\led.c                     0x00000000   Number         0  led.o ABSOLUTE
    ..\MODULES\MPU6050\mpu6050.c             0x00000000   Number         0  mpu6050.o ABSOLUTE
    ..\MODULES\MPU9250\mpu9250.c             0x00000000   Number         0  mpu9250.o ABSOLUTE
    ..\MODULES\MS5611\ms5611.c               0x00000000   Number         0  ms5611.o ABSOLUTE
    ..\MODULES\SDIO_SD\stm32_eval_sdio_sd.c  0x00000000   Number         0  stm32_eval_sdio_sd.o ABSOLUTE
    ..\MODULES\SIM7600\sim7600.c             0x00000000   Number         0  sim7600.o ABSOLUTE
    ..\MODULES\TCA62724\tca62724.c           0x00000000   Number         0  tca62724.o ABSOLUTE
    ..\MODULES\WIFI_ESP\wifi_esp.c           0x00000000   Number         0  wifi_esp.o ABSOLUTE
    ..\STM32F10x_StdPeriph_Driver\src\misc.c 0x00000000   Number         0  misc.o ABSOLUTE
    ..\STM32F10x_StdPeriph_Driver\src\stm32f10x_adc.c 0x00000000   Number         0  stm32f10x_adc.o ABSOLUTE
    ..\STM32F10x_StdPeriph_Driver\src\stm32f10x_bkp.c 0x00000000   Number         0  stm32f10x_bkp.o ABSOLUTE
    ..\STM32F10x_StdPeriph_Driver\src\stm32f10x_can.c 0x00000000   Number         0  stm32f10x_can.o ABSOLUTE
    ..\STM32F10x_StdPeriph_Driver\src\stm32f10x_cec.c 0x00000000   Number         0  stm32f10x_cec.o ABSOLUTE
    ..\STM32F10x_StdPeriph_Driver\src\stm32f10x_crc.c 0x00000000   Number         0  stm32f10x_crc.o ABSOLUTE
    ..\STM32F10x_StdPeriph_Driver\src\stm32f10x_dac.c 0x00000000   Number         0  stm32f10x_dac.o ABSOLUTE
    ..\STM32F10x_StdPeriph_Driver\src\stm32f10x_dbgmcu.c 0x00000000   Number         0  stm32f10x_dbgmcu.o ABSOLUTE
    ..\STM32F10x_StdPeriph_Driver\src\stm32f10x_dma.c 0x00000000   Number         0  stm32f10x_dma.o ABSOLUTE
    ..\STM32F10x_StdPeriph_Driver\src\stm32f10x_exti.c 0x00000000   Number         0  stm32f10x_exti.o ABSOLUTE
    ..\STM32F10x_StdPeriph_Driver\src\stm32f10x_flash.c 0x00000000   Number         0  stm32f10x_flash.o ABSOLUTE
    ..\STM32F10x_StdPeriph_Driver\src\stm32f10x_fsmc.c 0x00000000   Number         0  stm32f10x_fsmc.o ABSOLUTE
    ..\STM32F10x_StdPeriph_Driver\src\stm32f10x_gpio.c 0x00000000   Number         0  stm32f10x_gpio.o ABSOLUTE
    ..\STM32F10x_StdPeriph_Driver\src\stm32f10x_i2c.c 0x00000000   Number         0  stm32f10x_i2c.o ABSOLUTE
    ..\STM32F10x_StdPeriph_Driver\src\stm32f10x_iwdg.c 0x00000000   Number         0  stm32f10x_iwdg.o ABSOLUTE
    ..\STM32F10x_StdPeriph_Driver\src\stm32f10x_pwr.c 0x00000000   Number         0  stm32f10x_pwr.o ABSOLUTE
    ..\STM32F10x_StdPeriph_Driver\src\stm32f10x_rcc.c 0x00000000   Number         0  stm32f10x_rcc.o ABSOLUTE
    ..\STM32F10x_StdPeriph_Driver\src\stm32f10x_rtc.c 0x00000000   Number         0  stm32f10x_rtc.o ABSOLUTE
    ..\STM32F10x_StdPeriph_Driver\src\stm32f10x_sdio.c 0x00000000   Number         0  stm32f10x_sdio.o ABSOLUTE
    ..\STM32F10x_StdPeriph_Driver\src\stm32f10x_spi.c 0x00000000   Number         0  stm32f10x_spi.o ABSOLUTE
    ..\STM32F10x_StdPeriph_Driver\src\stm32f10x_tim.c 0x00000000   Number         0  stm32f10x_tim.o ABSOLUTE
    ..\STM32F10x_StdPeriph_Driver\src\stm32f10x_usart.c 0x00000000   Number         0  stm32f10x_usart.o ABSOLUTE
    ..\STM32F10x_StdPeriph_Driver\src\stm32f10x_wwdg.c 0x00000000   Number         0  stm32f10x_wwdg.o ABSOLUTE
    ..\STM32_USB-Driver\src\hw_config.c      0x00000000   Number         0  hw_config.o ABSOLUTE
    ..\STM32_USB-Driver\src\mass_mal.c       0x00000000   Number         0  mass_mal.o ABSOLUTE
    ..\STM32_USB-Driver\src\memory.c         0x00000000   Number         0  memory.o ABSOLUTE
    ..\STM32_USB-Driver\src\scsi_data.c      0x00000000   Number         0  scsi_data.o ABSOLUTE
    ..\STM32_USB-Driver\src\stm3210b_eval.c  0x00000000   Number         0  stm3210b_eval.o ABSOLUTE
    ..\STM32_USB-Driver\src\usb_bot.c        0x00000000   Number         0  usb_bot.o ABSOLUTE
    ..\STM32_USB-Driver\src\usb_desc.c       0x00000000   Number         0  usb_desc.o ABSOLUTE
    ..\STM32_USB-Driver\src\usb_endp.c       0x00000000   Number         0  usb_endp.o ABSOLUTE
    ..\STM32_USB-Driver\src\usb_istr.c       0x00000000   Number         0  usb_istr.o ABSOLUTE
    ..\STM32_USB-Driver\src\usb_prop.c       0x00000000   Number         0  usb_prop.o ABSOLUTE
    ..\STM32_USB-Driver\src\usb_pwr.c        0x00000000   Number         0  usb_pwr.o ABSOLUTE
    ..\STM32_USB-Driver\src\usb_scsi.c       0x00000000   Number         0  usb_scsi.o ABSOLUTE
    ..\STM32_USB-FS-Device_Driver\src\usb_core.c 0x00000000   Number         0  usb_core.o ABSOLUTE
    ..\STM32_USB-FS-Device_Driver\src\usb_init.c 0x00000000   Number         0  usb_init.o ABSOLUTE
    ..\STM32_USB-FS-Device_Driver\src\usb_int.c 0x00000000   Number         0  usb_int.o ABSOLUTE
    ..\STM32_USB-FS-Device_Driver\src\usb_mem.c 0x00000000   Number         0  usb_mem.o ABSOLUTE
    ..\STM32_USB-FS-Device_Driver\src\usb_regs.c 0x00000000   Number         0  usb_regs.o ABSOLUTE
    ..\STM32_USB-FS-Device_Driver\src\usb_sil.c 0x00000000   Number         0  usb_sil.o ABSOLUTE
    ..\\CORE\\core_cm3.c                     0x00000000   Number         0  core_cm3.o ABSOLUTE
    ..\\LIBRRARY\\FAST_COPY\\fast_copy.c     0x00000000   Number         0  fast_copy.o ABSOLUTE
    dc.s                                     0x00000000   Number         0  dc.o ABSOLUTE
    RESET                                    0x08000000   Section      236  startup_stm32f10x_md.o(RESET)
    !!!main                                  0x080000ec   Section        8  __main.o(!!!main)
    !!!scatter                               0x080000f4   Section       52  __scatter.o(!!!scatter)
    !!handler_copy                           0x08000128   Section       26  __scatter_copy.o(!!handler_copy)
    !!handler_zi                             0x08000144   Section       28  __scatter_zi.o(!!handler_zi)
    .ARM.Collect$$_printf_percent$$00000000  0x08000160   Section        0  _printf_percent.o(.ARM.Collect$$_printf_percent$$00000000)
    .ARM.Collect$$_printf_percent$$00000009  0x08000160   Section        6  _printf_d.o(.ARM.Collect$$_printf_percent$$00000009)
    .ARM.Collect$$_printf_percent$$00000014  0x08000166   Section        6  _printf_s.o(.ARM.Collect$$_printf_percent$$00000014)
    .ARM.Collect$$_printf_percent$$00000017  0x0800016c   Section        4  _printf_percent_end.o(.ARM.Collect$$_printf_percent$$00000017)
    .ARM.Collect$$libinit$$00000000          0x08000170   Section        2  libinit.o(.ARM.Collect$$libinit$$00000000)
    .ARM.Collect$$libinit$$00000002          0x08000172   Section        0  libinit2.o(.ARM.Collect$$libinit$$00000002)
    .ARM.Collect$$libinit$$00000004          0x08000172   Section        0  libinit2.o(.ARM.Collect$$libinit$$00000004)
    .ARM.Collect$$libinit$$0000000A          0x08000172   Section        0  libinit2.o(.ARM.Collect$$libinit$$0000000A)
    .ARM.Collect$$libinit$$0000000C          0x08000172   Section        0  libinit2.o(.ARM.Collect$$libinit$$0000000C)
    .ARM.Collect$$libinit$$0000000E          0x08000172   Section        0  libinit2.o(.ARM.Collect$$libinit$$0000000E)
    .ARM.Collect$$libinit$$00000011          0x08000172   Section        0  libinit2.o(.ARM.Collect$$libinit$$00000011)
    .ARM.Collect$$libinit$$00000013          0x08000172   Section        0  libinit2.o(.ARM.Collect$$libinit$$00000013)
    .ARM.Collect$$libinit$$00000015          0x08000172   Section        0  libinit2.o(.ARM.Collect$$libinit$$00000015)
    .ARM.Collect$$libinit$$00000017          0x08000172   Section        0  libinit2.o(.ARM.Collect$$libinit$$00000017)
    .ARM.Collect$$libinit$$00000019          0x08000172   Section        0  libinit2.o(.ARM.Collect$$libinit$$00000019)
    .ARM.Collect$$libinit$$0000001B          0x08000172   Section        0  libinit2.o(.ARM.Collect$$libinit$$0000001B)
    .ARM.Collect$$libinit$$0000001D          0x08000172   Section        0  libinit2.o(.ARM.Collect$$libinit$$0000001D)
    .ARM.Collect$$libinit$$0000001F          0x08000172   Section        0  libinit2.o(.ARM.Collect$$libinit$$0000001F)
    .ARM.Collect$$libinit$$00000021          0x08000172   Section        0  libinit2.o(.ARM.Collect$$libinit$$00000021)
    .ARM.Collect$$libinit$$00000023          0x08000172   Section        0  libinit2.o(.ARM.Collect$$libinit$$00000023)
    .ARM.Collect$$libinit$$00000025          0x08000172   Section        0  libinit2.o(.ARM.Collect$$libinit$$00000025)
    .ARM.Collect$$libinit$$0000002C          0x08000172   Section        0  libinit2.o(.ARM.Collect$$libinit$$0000002C)
    .ARM.Collect$$libinit$$0000002E          0x08000172   Section        0  libinit2.o(.ARM.Collect$$libinit$$0000002E)
    .ARM.Collect$$libinit$$00000030          0x08000172   Section        0  libinit2.o(.ARM.Collect$$libinit$$00000030)
    .ARM.Collect$$libinit$$00000032          0x08000172   Section        0  libinit2.o(.ARM.Collect$$libinit$$00000032)
    .ARM.Collect$$libinit$$00000033          0x08000172   Section        2  libinit2.o(.ARM.Collect$$libinit$$00000033)
    .ARM.Collect$$libshutdown$$00000000      0x08000174   Section        2  libshutdown.o(.ARM.Collect$$libshutdown$$00000000)
    .ARM.Collect$$libshutdown$$00000003      0x08000176   Section        0  libshutdown2.o(.ARM.Collect$$libshutdown$$00000003)
    .ARM.Collect$$libshutdown$$00000006      0x08000176   Section        0  libshutdown2.o(.ARM.Collect$$libshutdown$$00000006)
    .ARM.Collect$$libshutdown$$00000009      0x08000176   Section        0  libshutdown2.o(.ARM.Collect$$libshutdown$$00000009)
    .ARM.Collect$$libshutdown$$0000000B      0x08000176   Section        0  libshutdown2.o(.ARM.Collect$$libshutdown$$0000000B)
    .ARM.Collect$$libshutdown$$0000000E      0x08000176   Section        0  libshutdown2.o(.ARM.Collect$$libshutdown$$0000000E)
    .ARM.Collect$$libshutdown$$0000000F      0x08000176   Section        2  libshutdown2.o(.ARM.Collect$$libshutdown$$0000000F)
    .ARM.Collect$$rtentry$$00000000          0x08000178   Section        0  __rtentry.o(.ARM.Collect$$rtentry$$00000000)
    .ARM.Collect$$rtentry$$00000002          0x08000178   Section        0  __rtentry2.o(.ARM.Collect$$rtentry$$00000002)
    .ARM.Collect$$rtentry$$00000004          0x08000178   Section        6  __rtentry4.o(.ARM.Collect$$rtentry$$00000004)
    .ARM.Collect$$rtentry$$00000009          0x0800017e   Section        0  __rtentry2.o(.ARM.Collect$$rtentry$$00000009)
    .ARM.Collect$$rtentry$$0000000A          0x0800017e   Section        4  __rtentry2.o(.ARM.Collect$$rtentry$$0000000A)
    .ARM.Collect$$rtentry$$0000000C          0x08000182   Section        0  __rtentry2.o(.ARM.Collect$$rtentry$$0000000C)
    .ARM.Collect$$rtentry$$0000000D          0x08000182   Section        8  __rtentry2.o(.ARM.Collect$$rtentry$$0000000D)
    .ARM.Collect$$rtexit$$00000000           0x0800018a   Section        2  rtexit.o(.ARM.Collect$$rtexit$$00000000)
    .ARM.Collect$$rtexit$$00000002           0x0800018c   Section        0  rtexit2.o(.ARM.Collect$$rtexit$$00000002)
    .ARM.Collect$$rtexit$$00000003           0x0800018c   Section        4  rtexit2.o(.ARM.Collect$$rtexit$$00000003)
    .ARM.Collect$$rtexit$$00000004           0x08000190   Section        6  rtexit2.o(.ARM.Collect$$rtexit$$00000004)
    .text                                    0x08000198   Section       64  startup_stm32f10x_md.o(.text)
    .text                                    0x080001d8   Section        2  use_no_semi_2.o(.text)
    .text                                    0x080001dc   Section        0  noretval__2printf.o(.text)
    .text                                    0x080001f4   Section        0  noretval__2sprintf.o(.text)
    .text                                    0x0800021c   Section        0  __printf.o(.text)
    .text                                    0x08000284   Section        0  _printf_str.o(.text)
    .text                                    0x080002d8   Section        0  _printf_dec.o(.text)
    .text                                    0x08000350   Section        0  strstr.o(.text)
    .text                                    0x08000374   Section      100  rt_memcpy_w.o(.text)
    .text                                    0x080003d8   Section       68  rt_memclr.o(.text)
    .text                                    0x0800041c   Section       78  rt_memclr_w.o(.text)
    .text                                    0x0800046a   Section        0  heapauxi.o(.text)
    .text                                    0x08000470   Section        2  use_no_semi.o(.text)
    .text                                    0x08000472   Section        0  _printf_intcommon.o(.text)
    .text                                    0x08000524   Section        0  _printf_char_common.o(.text)
    _printf_input_char                       0x08000525   Thumb Code    10  _printf_char_common.o(.text)
    .text                                    0x08000554   Section        0  _sputc.o(.text)
    .text                                    0x0800055e   Section        0  _printf_char.o(.text)
    .text                                    0x0800058c   Section        0  _printf_char_file.o(.text)
    .text                                    0x080005b0   Section        0  ferror.o(.text)
    .text                                    0x080005b8   Section        8  libspace.o(.text)
    .text                                    0x080005c0   Section       74  sys_stackheap_outer.o(.text)
    .text                                    0x0800060a   Section        0  exit.o(.text)
    i.BusFault_Handler                       0x08000616   Section        0  stm32f10x_it.o(i.BusFault_Handler)
    i.DebugMon_Handler                       0x0800061a   Section        0  stm32f10x_it.o(i.DebugMon_Handler)
    i.Dma_init                               0x0800061c   Section        0  usart.o(i.Dma_init)
    Dma_init                                 0x0800061d   Thumb Code     2  usart.o(i.Dma_init)
    i.GPIO_Init                              0x0800061e   Section        0  stm32f10x_gpio.o(i.GPIO_Init)
    i.HardFault_Handler                      0x08000734   Section        0  stm32f10x_it.o(i.HardFault_Handler)
    i.I2C1_ER_IRQHandler                     0x08000738   Section        0  iic.o(i.I2C1_ER_IRQHandler)
    i.I2C1_EV_IRQHandler                     0x08000748   Section        0  iic.o(i.I2C1_EV_IRQHandler)
    i.I2C2_ER_IRQHandler                     0x08000758   Section        0  iic.o(i.I2C2_ER_IRQHandler)
    i.I2C2_EV_IRQHandler                     0x08000768   Section        0  iic.o(i.I2C2_EV_IRQHandler)
    i.I2C_AcknowledgeConfig                  0x08000778   Section        0  stm32f10x_i2c.o(i.I2C_AcknowledgeConfig)
    i.I2C_Cmd                                0x08000790   Section        0  stm32f10x_i2c.o(i.I2C_Cmd)
    i.I2C_GenerateSTART                      0x080007a8   Section        0  stm32f10x_i2c.o(i.I2C_GenerateSTART)
    i.I2C_GenerateSTOP                       0x080007c0   Section        0  stm32f10x_i2c.o(i.I2C_GenerateSTOP)
    i.I2C_ITConfig                           0x080007d8   Section        0  stm32f10x_i2c.o(i.I2C_ITConfig)
    i.I2C_Init                               0x080007ec   Section        0  stm32f10x_i2c.o(i.I2C_Init)
    i.I2C_ReceiveData                        0x080008d8   Section        0  stm32f10x_i2c.o(i.I2C_ReceiveData)
    i.I2C_Send7bitAddress                    0x080008e0   Section        0  stm32f10x_i2c.o(i.I2C_Send7bitAddress)
    i.I2C_SendData                           0x080008f2   Section        0  stm32f10x_i2c.o(i.I2C_SendData)
    i.I2cInit                                0x080008f8   Section        0  iic.o(i.I2cInit)
    i.I2c_ev_handler                         0x080009cc   Section        0  iic.o(i.I2c_ev_handler)
    i.IWDG_Enable                            0x08000d50   Section        0  stm32f10x_iwdg.o(i.IWDG_Enable)
    i.IWDG_Feed                              0x08000d60   Section        0  init.o(i.IWDG_Feed)
    i.IWDG_Init                              0x08000d68   Section        0  init.o(i.IWDG_Init)
    i.IWDG_ReloadCounter                     0x08000db4   Section        0  stm32f10x_iwdg.o(i.IWDG_ReloadCounter)
    i.IWDG_SetPrescaler                      0x08000dc4   Section        0  stm32f10x_iwdg.o(i.IWDG_SetPrescaler)
    i.IWDG_SetReload                         0x08000dd0   Section        0  stm32f10x_iwdg.o(i.IWDG_SetReload)
    i.IWDG_WriteAccessCmd                    0x08000ddc   Section        0  stm32f10x_iwdg.o(i.IWDG_WriteAccessCmd)
    i.Init_NB_Gprs                           0x08000de8   Section        0  bc28_nb.o(i.Init_NB_Gprs)
    i.MemManage_Handler                      0x0800103c   Section        0  stm32f10x_it.o(i.MemManage_Handler)
    i.NB_Net_cmd                             0x08001040   Section        0  bc28_nb.o(i.NB_Net_cmd)
    i.NMI_Handler                            0x080010d0   Section        0  stm32f10x_it.o(i.NMI_Handler)
    i.NVIC_Configuration                     0x080010d2   Section        0  init.o(i.NVIC_Configuration)
    i.NVIC_Init                              0x080010e0   Section        0  misc.o(i.NVIC_Init)
    i.NVIC_PriorityGroupConfig               0x08001150   Section        0  misc.o(i.NVIC_PriorityGroupConfig)
    i.PendSV_Handler                         0x08001164   Section        0  stm32f10x_it.o(i.PendSV_Handler)
    i.RCC_APB1PeriphClockCmd                 0x08001168   Section        0  stm32f10x_rcc.o(i.RCC_APB1PeriphClockCmd)
    i.RCC_APB2PeriphClockCmd                 0x08001188   Section        0  stm32f10x_rcc.o(i.RCC_APB2PeriphClockCmd)
    i.RCC_GetClocksFreq                      0x080011a8   Section        0  stm32f10x_rcc.o(i.RCC_GetClocksFreq)
    i.SVC_Handler                            0x0800127c   Section        0  stm32f10x_it.o(i.SVC_Handler)
    i.SetSysClock                            0x0800127e   Section        0  system_stm32f10x.o(i.SetSysClock)
    SetSysClock                              0x0800127f   Thumb Code     8  system_stm32f10x.o(i.SetSysClock)
    i.SetSysClockTo72                        0x08001288   Section        0  system_stm32f10x.o(i.SetSysClockTo72)
    SetSysClockTo72                          0x08001289   Thumb Code   214  system_stm32f10x.o(i.SetSysClockTo72)
    i.SysTick_Handler                        0x08001368   Section        0  delay.o(i.SysTick_Handler)
    i.SystemInit                             0x08001468   Section        0  system_stm32f10x.o(i.SystemInit)
    i.USART1_IRQHandler                      0x080014c8   Section        0  usart.o(i.USART1_IRQHandler)
    i.USART2_IRQHandler                      0x080015b0   Section        0  usart.o(i.USART2_IRQHandler)
    i.USART3_IRQHandler                      0x080016a4   Section        0  wifi_esp.o(i.USART3_IRQHandler)
    i.USART_Cmd                              0x08001730   Section        0  stm32f10x_usart.o(i.USART_Cmd)
    i.USART_GetITStatus                      0x08001748   Section        0  stm32f10x_usart.o(i.USART_GetITStatus)
    i.USART_ITConfig                         0x0800179c   Section        0  stm32f10x_usart.o(i.USART_ITConfig)
    i.USART_Init                             0x080017e8   Section        0  stm32f10x_usart.o(i.USART_Init)
    i.USART_ReceiveData                      0x080018c0   Section        0  stm32f10x_usart.o(i.USART_ReceiveData)
    i.USART_SendData                         0x080018ca   Section        0  stm32f10x_usart.o(i.USART_SendData)
    i.UsageFault_Handler                     0x080018d2   Section        0  stm32f10x_it.o(i.UsageFault_Handler)
    i.Usart_init                             0x080018d8   Section        0  usart.o(i.Usart_init)
    i.Usart_io_init                          0x0800194c   Section        0  usart.o(i.Usart_io_init)
    Usart_io_init                            0x0800194d   Thumb Code   530  usart.o(i.Usart_io_init)
    i.Usat_rcc_init                          0x08001b78   Section        0  usart.o(i.Usat_rcc_init)
    Usat_rcc_init                            0x08001b79   Thumb Code    46  usart.o(i.Usat_rcc_init)
    i._sys_exit                              0x08001ba6   Section        0  usart.o(i._sys_exit)
    i.cycleCounterInit                       0x08001bac   Section        0  delay.o(i.cycleCounterInit)
    i.fputc                                  0x08001bf0   Section        0  usart.o(i.fputc)
    i.i2c_er_handler                         0x08001cb4   Section        0  iic.o(i.i2c_er_handler)
    i2c_er_handler                           0x08001cb5   Thumb Code   134  iic.o(i.i2c_er_handler)
    i.main                                   0x08001d40   Section        0  main.o(i.main)
    i.time_tick                              0x08001dec   Section        0  delay.o(i.time_tick)
    .constdata                               0x08001e28   Section       16  iic.o(.constdata)
    .constdata                               0x08001e38   Section       60  usart.o(.constdata)
    .conststring                             0x08001e74   Section       14  wifi_esp.o(.conststring)
    .data                                    0x20000000   Section       20  system_stm32f10x.o(.data)
    .data                                    0x20000014   Section       23  iic.o(.data)
    I2Cx                                     0x20000014   Data           4  iic.o(.data)
    i2cErrorCount                            0x20000018   Data           2  iic.o(.data)
    busy                                     0x2000001a   Data           1  iic.o(.data)
    addr                                     0x2000001b   Data           1  iic.o(.data)
    reg                                      0x2000001c   Data           1  iic.o(.data)
    bytes                                    0x2000001d   Data           1  iic.o(.data)
    writing                                  0x2000001e   Data           1  iic.o(.data)
    reading                                  0x2000001f   Data           1  iic.o(.data)
    write_p                                  0x20000020   Data           4  iic.o(.data)
    read_p                                   0x20000024   Data           4  iic.o(.data)
    subaddress_sent                          0x20000028   Data           1  iic.o(.data)
    final_stop                               0x20000029   Data           1  iic.o(.data)
    index                                    0x2000002a   Data           1  iic.o(.data)
    .data                                    0x2000002c   Section       10  usart.o(.data)
    statu                                    0x20000034   Data           1  usart.o(.data)
    statu                                    0x20000035   Data           1  usart.o(.data)
    .data                                    0x20000038   Section       24  delay.o(.data)
    sysTickUptime                            0x20000038   Data           4  delay.o(.data)
    sysTickCycleCounter                      0x2000003c   Data           4  delay.o(.data)
    usTicks                                  0x20000040   Data           4  delay.o(.data)
    Time_tic_cnt                             0x2000004c   Data           4  delay.o(.data)
    .data                                    0x20000050   Section       18  wifi_esp.o(.data)
    wifi_recived_len                         0x20000058   Data           4  wifi_esp.o(.data)
    wifi_get_date_len                        0x2000005c   Data           4  wifi_esp.o(.data)
    wifi_cnd_len                             0x20000060   Data           1  wifi_esp.o(.data)
    begin_recive_flag                        0x20000061   Data           1  wifi_esp.o(.data)
    .data                                    0x20000062   Section       20  stm32f10x_rcc.o(.data)
    APBAHBPrescTable                         0x20000062   Data          16  stm32f10x_rcc.o(.data)
    ADCPrescTable                            0x20000072   Data           4  stm32f10x_rcc.o(.data)
    .bss                                     0x20000078   Section     1548  usart.o(.bss)
    .bss                                     0x20000684   Section       32  delay.o(.bss)
    .bss                                     0x200006a4   Section     2088  wifi_esp.o(.bss)
    .bss                                     0x20000ecc   Section       96  libspace.o(.bss)
    HEAP                                     0x20000f30   Section      512  startup_stm32f10x_md.o(HEAP)
    Heap_Mem                                 0x20000f30   Data         512  startup_stm32f10x_md.o(HEAP)
    STACK                                    0x20001130   Section     1024  startup_stm32f10x_md.o(STACK)
    Stack_Mem                                0x20001130   Data        1024  startup_stm32f10x_md.o(STACK)
    __initial_sp                             0x20001530   Data           0  startup_stm32f10x_md.o(STACK)

    Global Symbols

    Symbol Name                              Value     Ov Type        Size  Object(Section)

    BuildAttributes$$THM_ISAv4$P$D$K$B$S$PE$A:L22UL41UL21$X:L11$S22US41US21$IEEE1$IW$USESV6$~STKCKD$USESV7$~SHL$OTIME$ROPI$IEEEX$EBA8$UX$STANDARDLIB$REQ8$EABIv2 0x00000000   Number         0  anon$$obj.o ABSOLUTE
    __ARM_use_no_argv                        0x00000000   Number         0  main.o ABSOLUTE
    __ARM_exceptions_init                     - Undefined Weak Reference
    __alloca_initialize                       - Undefined Weak Reference
    __arm_preinit_                            - Undefined Weak Reference
    __cpp_initialize__aeabi_                  - Undefined Weak Reference
    __cxa_finalize                            - Undefined Weak Reference
    __rt_locale                               - Undefined Weak Reference
    __sigvec_lookup                           - Undefined Weak Reference
    _atexit_init                              - Undefined Weak Reference
    _call_atexit_fns                          - Undefined Weak Reference
    _clock_init                               - Undefined Weak Reference
    _fp_trap_init                             - Undefined Weak Reference
    _fp_trap_shutdown                         - Undefined Weak Reference
    _get_lc_collate                           - Undefined Weak Reference
    _get_lc_ctype                             - Undefined Weak Reference
    _get_lc_monetary                          - Undefined Weak Reference
    _get_lc_numeric                           - Undefined Weak Reference
    _get_lc_time                              - Undefined Weak Reference
    _getenv_init                              - Undefined Weak Reference
    _handle_redirection                       - Undefined Weak Reference
    _init_alloc                               - Undefined Weak Reference
    _init_user_alloc                          - Undefined Weak Reference
    _initio                                   - Undefined Weak Reference
    _mutex_acquire                            - Undefined Weak Reference
    _mutex_release                            - Undefined Weak Reference
    _printf_mbtowc                            - Undefined Weak Reference
    _printf_post_padding                      - Undefined Weak Reference
    _printf_pre_padding                       - Undefined Weak Reference
    _printf_truncate_signed                   - Undefined Weak Reference
    _printf_truncate_unsigned                 - Undefined Weak Reference
    _rand_init                                - Undefined Weak Reference
    _signal_finish                            - Undefined Weak Reference
    _signal_init                              - Undefined Weak Reference
    _terminate_alloc                          - Undefined Weak Reference
    _terminate_user_alloc                     - Undefined Weak Reference
    _terminateio                              - Undefined Weak Reference
    __Vectors_Size                           0x000000ec   Number         0  startup_stm32f10x_md.o ABSOLUTE
    __Vectors                                0x08000000   Data           4  startup_stm32f10x_md.o(RESET)
    __Vectors_End                            0x080000ec   Data           0  startup_stm32f10x_md.o(RESET)
    __main                                   0x080000ed   Thumb Code     8  __main.o(!!!main)
    __scatterload                            0x080000f5   Thumb Code     0  __scatter.o(!!!scatter)
    __scatterload_rt2                        0x080000f5   Thumb Code    44  __scatter.o(!!!scatter)
    __scatterload_rt2_thumb_only             0x080000f5   Thumb Code     0  __scatter.o(!!!scatter)
    __scatterload_null                       0x08000103   Thumb Code     0  __scatter.o(!!!scatter)
    __scatterload_copy                       0x08000129   Thumb Code    26  __scatter_copy.o(!!handler_copy)
    __scatterload_zeroinit                   0x08000145   Thumb Code    28  __scatter_zi.o(!!handler_zi)
    _printf_d                                0x08000161   Thumb Code     0  _printf_d.o(.ARM.Collect$$_printf_percent$$00000009)
    _printf_percent                          0x08000161   Thumb Code     0  _printf_percent.o(.ARM.Collect$$_printf_percent$$00000000)
    _printf_s                                0x08000167   Thumb Code     0  _printf_s.o(.ARM.Collect$$_printf_percent$$00000014)
    _printf_percent_end                      0x0800016d   Thumb Code     0  _printf_percent_end.o(.ARM.Collect$$_printf_percent$$00000017)
    __rt_lib_init                            0x08000171   Thumb Code     0  libinit.o(.ARM.Collect$$libinit$$00000000)
    __rt_lib_init_alloca_1                   0x08000173   Thumb Code     0  libinit2.o(.ARM.Collect$$libinit$$0000002E)
    __rt_lib_init_argv_1                     0x08000173   Thumb Code     0  libinit2.o(.ARM.Collect$$libinit$$0000002C)
    __rt_lib_init_atexit_1                   0x08000173   Thumb Code     0  libinit2.o(.ARM.Collect$$libinit$$0000001B)
    __rt_lib_init_clock_1                    0x08000173   Thumb Code     0  libinit2.o(.ARM.Collect$$libinit$$00000021)
    __rt_lib_init_cpp_1                      0x08000173   Thumb Code     0  libinit2.o(.ARM.Collect$$libinit$$00000032)
    __rt_lib_init_exceptions_1               0x08000173   Thumb Code     0  libinit2.o(.ARM.Collect$$libinit$$00000030)
    __rt_lib_init_fp_1                       0x08000173   Thumb Code     0  libinit2.o(.ARM.Collect$$libinit$$00000002)
    __rt_lib_init_fp_trap_1                  0x08000173   Thumb Code     0  libinit2.o(.ARM.Collect$$libinit$$0000001F)
    __rt_lib_init_getenv_1                   0x08000173   Thumb Code     0  libinit2.o(.ARM.Collect$$libinit$$00000023)
    __rt_lib_init_heap_1                     0x08000173   Thumb Code     0  libinit2.o(.ARM.Collect$$libinit$$0000000A)
    __rt_lib_init_lc_collate_1               0x08000173   Thumb Code     0  libinit2.o(.ARM.Collect$$libinit$$00000011)
    __rt_lib_init_lc_ctype_1                 0x08000173   Thumb Code     0  libinit2.o(.ARM.Collect$$libinit$$00000013)
    __rt_lib_init_lc_monetary_1              0x08000173   Thumb Code     0  libinit2.o(.ARM.Collect$$libinit$$00000015)
    __rt_lib_init_lc_numeric_1               0x08000173   Thumb Code     0  libinit2.o(.ARM.Collect$$libinit$$00000017)
    __rt_lib_init_lc_time_1                  0x08000173   Thumb Code     0  libinit2.o(.ARM.Collect$$libinit$$00000019)
    __rt_lib_init_preinit_1                  0x08000173   Thumb Code     0  libinit2.o(.ARM.Collect$$libinit$$00000004)
    __rt_lib_init_rand_1                     0x08000173   Thumb Code     0  libinit2.o(.ARM.Collect$$libinit$$0000000E)
    __rt_lib_init_return                     0x08000173   Thumb Code     0  libinit2.o(.ARM.Collect$$libinit$$00000033)
    __rt_lib_init_signal_1                   0x08000173   Thumb Code     0  libinit2.o(.ARM.Collect$$libinit$$0000001D)
    __rt_lib_init_stdio_1                    0x08000173   Thumb Code     0  libinit2.o(.ARM.Collect$$libinit$$00000025)
    __rt_lib_init_user_alloc_1               0x08000173   Thumb Code     0  libinit2.o(.ARM.Collect$$libinit$$0000000C)
    __rt_lib_shutdown                        0x08000175   Thumb Code     0  libshutdown.o(.ARM.Collect$$libshutdown$$00000000)
    __rt_lib_shutdown_fp_trap_1              0x08000177   Thumb Code     0  libshutdown2.o(.ARM.Collect$$libshutdown$$00000006)
    __rt_lib_shutdown_heap_1                 0x08000177   Thumb Code     0  libshutdown2.o(.ARM.Collect$$libshutdown$$0000000E)
    __rt_lib_shutdown_return                 0x08000177   Thumb Code     0  libshutdown2.o(.ARM.Collect$$libshutdown$$0000000F)
    __rt_lib_shutdown_signal_1               0x08000177   Thumb Code     0  libshutdown2.o(.ARM.Collect$$libshutdown$$00000009)
    __rt_lib_shutdown_stdio_1                0x08000177   Thumb Code     0  libshutdown2.o(.ARM.Collect$$libshutdown$$00000003)
    __rt_lib_shutdown_user_alloc_1           0x08000177   Thumb Code     0  libshutdown2.o(.ARM.Collect$$libshutdown$$0000000B)
    __rt_entry                               0x08000179   Thumb Code     0  __rtentry.o(.ARM.Collect$$rtentry$$00000000)
    __rt_entry_presh_1                       0x08000179   Thumb Code     0  __rtentry2.o(.ARM.Collect$$rtentry$$00000002)
    __rt_entry_sh                            0x08000179   Thumb Code     0  __rtentry4.o(.ARM.Collect$$rtentry$$00000004)
    __rt_entry_li                            0x0800017f   Thumb Code     0  __rtentry2.o(.ARM.Collect$$rtentry$$0000000A)
    __rt_entry_postsh_1                      0x0800017f   Thumb Code     0  __rtentry2.o(.ARM.Collect$$rtentry$$00000009)
    __rt_entry_main                          0x08000183   Thumb Code     0  __rtentry2.o(.ARM.Collect$$rtentry$$0000000D)
    __rt_entry_postli_1                      0x08000183   Thumb Code     0  __rtentry2.o(.ARM.Collect$$rtentry$$0000000C)
    __rt_exit                                0x0800018b   Thumb Code     0  rtexit.o(.ARM.Collect$$rtexit$$00000000)
    __rt_exit_ls                             0x0800018d   Thumb Code     0  rtexit2.o(.ARM.Collect$$rtexit$$00000003)
    __rt_exit_prels_1                        0x0800018d   Thumb Code     0  rtexit2.o(.ARM.Collect$$rtexit$$00000002)
    __rt_exit_exit                           0x08000191   Thumb Code     0  rtexit2.o(.ARM.Collect$$rtexit$$00000004)
    Reset_Handler                            0x08000199   Thumb Code     8  startup_stm32f10x_md.o(.text)
    ADC1_2_IRQHandler                        0x080001b3   Thumb Code     0  startup_stm32f10x_md.o(.text)
    CAN1_RX1_IRQHandler                      0x080001b3   Thumb Code     0  startup_stm32f10x_md.o(.text)
    CAN1_SCE_IRQHandler                      0x080001b3   Thumb Code     0  startup_stm32f10x_md.o(.text)
    DMA1_Channel1_IRQHandler                 0x080001b3   Thumb Code     0  startup_stm32f10x_md.o(.text)
    DMA1_Channel2_IRQHandler                 0x080001b3   Thumb Code     0  startup_stm32f10x_md.o(.text)
    DMA1_Channel3_IRQHandler                 0x080001b3   Thumb Code     0  startup_stm32f10x_md.o(.text)
    DMA1_Channel4_IRQHandler                 0x080001b3   Thumb Code     0  startup_stm32f10x_md.o(.text)
    DMA1_Channel5_IRQHandler                 0x080001b3   Thumb Code     0  startup_stm32f10x_md.o(.text)
    DMA1_Channel6_IRQHandler                 0x080001b3   Thumb Code     0  startup_stm32f10x_md.o(.text)
    DMA1_Channel7_IRQHandler                 0x080001b3   Thumb Code     0  startup_stm32f10x_md.o(.text)
    EXTI0_IRQHandler                         0x080001b3   Thumb Code     0  startup_stm32f10x_md.o(.text)
    EXTI15_10_IRQHandler                     0x080001b3   Thumb Code     0  startup_stm32f10x_md.o(.text)
    EXTI1_IRQHandler                         0x080001b3   Thumb Code     0  startup_stm32f10x_md.o(.text)
    EXTI2_IRQHandler                         0x080001b3   Thumb Code     0  startup_stm32f10x_md.o(.text)
    EXTI3_IRQHandler                         0x080001b3   Thumb Code     0  startup_stm32f10x_md.o(.text)
    EXTI4_IRQHandler                         0x080001b3   Thumb Code     0  startup_stm32f10x_md.o(.text)
    EXTI9_5_IRQHandler                       0x080001b3   Thumb Code     0  startup_stm32f10x_md.o(.text)
    FLASH_IRQHandler                         0x080001b3   Thumb Code     0  startup_stm32f10x_md.o(.text)
    PVD_IRQHandler                           0x080001b3   Thumb Code     0  startup_stm32f10x_md.o(.text)
    RCC_IRQHandler                           0x080001b3   Thumb Code     0  startup_stm32f10x_md.o(.text)
    RTCAlarm_IRQHandler                      0x080001b3   Thumb Code     0  startup_stm32f10x_md.o(.text)
    RTC_IRQHandler                           0x080001b3   Thumb Code     0  startup_stm32f10x_md.o(.text)
    SPI1_IRQHandler                          0x080001b3   Thumb Code     0  startup_stm32f10x_md.o(.text)
    SPI2_IRQHandler                          0x080001b3   Thumb Code     0  startup_stm32f10x_md.o(.text)
    TAMPER_IRQHandler                        0x080001b3   Thumb Code     0  startup_stm32f10x_md.o(.text)
    TIM1_BRK_IRQHandler                      0x080001b3   Thumb Code     0  startup_stm32f10x_md.o(.text)
    TIM1_CC_IRQHandler                       0x080001b3   Thumb Code     0  startup_stm32f10x_md.o(.text)
    TIM1_TRG_COM_IRQHandler                  0x080001b3   Thumb Code     0  startup_stm32f10x_md.o(.text)
    TIM1_UP_IRQHandler                       0x080001b3   Thumb Code     0  startup_stm32f10x_md.o(.text)
    TIM2_IRQHandler                          0x080001b3   Thumb Code     0  startup_stm32f10x_md.o(.text)
    TIM3_IRQHandler                          0x080001b3   Thumb Code     0  startup_stm32f10x_md.o(.text)
    TIM4_IRQHandler                          0x080001b3   Thumb Code     0  startup_stm32f10x_md.o(.text)
    USBWakeUp_IRQHandler                     0x080001b3   Thumb Code     0  startup_stm32f10x_md.o(.text)
    USB_HP_CAN1_TX_IRQHandler                0x080001b3   Thumb Code     0  startup_stm32f10x_md.o(.text)
    USB_LP_CAN1_RX0_IRQHandler               0x080001b3   Thumb Code     0  startup_stm32f10x_md.o(.text)
    WWDG_IRQHandler                          0x080001b3   Thumb Code     0  startup_stm32f10x_md.o(.text)
    __user_initial_stackheap                 0x080001b5   Thumb Code     0  startup_stm32f10x_md.o(.text)
    __use_no_semihosting                     0x080001d9   Thumb Code     2  use_no_semi_2.o(.text)
    __2printf                                0x080001dd   Thumb Code    20  noretval__2printf.o(.text)
    __2sprintf                               0x080001f5   Thumb Code    34  noretval__2sprintf.o(.text)
    __printf                                 0x0800021d   Thumb Code   104  __printf.o(.text)
    _printf_str                              0x08000285   Thumb Code    82  _printf_str.o(.text)
    _printf_int_dec                          0x080002d9   Thumb Code   104  _printf_dec.o(.text)
    strstr                                   0x08000351   Thumb Code    36  strstr.o(.text)
    __aeabi_memcpy4                          0x08000375   Thumb Code     0  rt_memcpy_w.o(.text)
    __aeabi_memcpy8                          0x08000375   Thumb Code     0  rt_memcpy_w.o(.text)
    __rt_memcpy_w                            0x08000375   Thumb Code   100  rt_memcpy_w.o(.text)
    _memcpy_lastbytes_aligned                0x080003bd   Thumb Code     0  rt_memcpy_w.o(.text)
    __aeabi_memclr                           0x080003d9   Thumb Code     0  rt_memclr.o(.text)
    __rt_memclr                              0x080003d9   Thumb Code    68  rt_memclr.o(.text)
    _memset                                  0x080003dd   Thumb Code     0  rt_memclr.o(.text)
    __aeabi_memclr4                          0x0800041d   Thumb Code     0  rt_memclr_w.o(.text)
    __aeabi_memclr8                          0x0800041d   Thumb Code     0  rt_memclr_w.o(.text)
    __rt_memclr_w                            0x0800041d   Thumb Code    78  rt_memclr_w.o(.text)
    _memset_w                                0x08000421   Thumb Code     0  rt_memclr_w.o(.text)
    __use_two_region_memory                  0x0800046b   Thumb Code     2  heapauxi.o(.text)
    __rt_heap_escrow$2region                 0x0800046d   Thumb Code     2  heapauxi.o(.text)
    __rt_heap_expand$2region                 0x0800046f   Thumb Code     2  heapauxi.o(.text)
    __I$use$semihosting                      0x08000471   Thumb Code     0  use_no_semi.o(.text)
    __use_no_semihosting_swi                 0x08000471   Thumb Code     2  use_no_semi.o(.text)
    _printf_int_common                       0x08000473   Thumb Code   178  _printf_intcommon.o(.text)
    _printf_char_common                      0x0800052f   Thumb Code    32  _printf_char_common.o(.text)
    _sputc                                   0x08000555   Thumb Code    10  _sputc.o(.text)
    _printf_cs_common                        0x0800055f   Thumb Code    20  _printf_char.o(.text)
    _printf_char                             0x08000573   Thumb Code    16  _printf_char.o(.text)
    _printf_string                           0x08000583   Thumb Code     8  _printf_char.o(.text)
    _printf_char_file                        0x0800058d   Thumb Code    32  _printf_char_file.o(.text)
    ferror                                   0x080005b1   Thumb Code     8  ferror.o(.text)
    __user_libspace                          0x080005b9   Thumb Code     8  libspace.o(.text)
    __user_perproc_libspace                  0x080005b9   Thumb Code     0  libspace.o(.text)
    __user_perthread_libspace                0x080005b9   Thumb Code     0  libspace.o(.text)
    __user_setup_stackheap                   0x080005c1   Thumb Code    74  sys_stackheap_outer.o(.text)
    exit                                     0x0800060b   Thumb Code    12  exit.o(.text)
    BusFault_Handler                         0x08000617   Thumb Code     4  stm32f10x_it.o(i.BusFault_Handler)
    DebugMon_Handler                         0x0800061b   Thumb Code     2  stm32f10x_it.o(i.DebugMon_Handler)
    GPIO_Init                                0x0800061f   Thumb Code   278  stm32f10x_gpio.o(i.GPIO_Init)
    HardFault_Handler                        0x08000735   Thumb Code     4  stm32f10x_it.o(i.HardFault_Handler)
    I2C1_ER_IRQHandler                       0x08000739   Thumb Code    10  iic.o(i.I2C1_ER_IRQHandler)
    I2C1_EV_IRQHandler                       0x08000749   Thumb Code    10  iic.o(i.I2C1_EV_IRQHandler)
    I2C2_ER_IRQHandler                       0x08000759   Thumb Code    10  iic.o(i.I2C2_ER_IRQHandler)
    I2C2_EV_IRQHandler                       0x08000769   Thumb Code    10  iic.o(i.I2C2_EV_IRQHandler)
    I2C_AcknowledgeConfig                    0x08000779   Thumb Code    24  stm32f10x_i2c.o(i.I2C_AcknowledgeConfig)
    I2C_Cmd                                  0x08000791   Thumb Code    24  stm32f10x_i2c.o(i.I2C_Cmd)
    I2C_GenerateSTART                        0x080007a9   Thumb Code    24  stm32f10x_i2c.o(i.I2C_GenerateSTART)
    I2C_GenerateSTOP                         0x080007c1   Thumb Code    24  stm32f10x_i2c.o(i.I2C_GenerateSTOP)
    I2C_ITConfig                             0x080007d9   Thumb Code    18  stm32f10x_i2c.o(i.I2C_ITConfig)
    I2C_Init                                 0x080007ed   Thumb Code   222  stm32f10x_i2c.o(i.I2C_Init)
    I2C_ReceiveData                          0x080008d9   Thumb Code     8  stm32f10x_i2c.o(i.I2C_ReceiveData)
    I2C_Send7bitAddress                      0x080008e1   Thumb Code    18  stm32f10x_i2c.o(i.I2C_Send7bitAddress)
    I2C_SendData                             0x080008f3   Thumb Code     4  stm32f10x_i2c.o(i.I2C_SendData)
    I2cInit                                  0x080008f9   Thumb Code   178  iic.o(i.I2cInit)
    I2c_ev_handler                           0x080009cd   Thumb Code   854  iic.o(i.I2c_ev_handler)
    IWDG_Enable                              0x08000d51   Thumb Code    10  stm32f10x_iwdg.o(i.IWDG_Enable)
    IWDG_Feed                                0x08000d61   Thumb Code     8  init.o(i.IWDG_Feed)
    IWDG_Init                                0x08000d69   Thumb Code    52  init.o(i.IWDG_Init)
    IWDG_ReloadCounter                       0x08000db5   Thumb Code    10  stm32f10x_iwdg.o(i.IWDG_ReloadCounter)
    IWDG_SetPrescaler                        0x08000dc5   Thumb Code     6  stm32f10x_iwdg.o(i.IWDG_SetPrescaler)
    IWDG_SetReload                           0x08000dd1   Thumb Code     6  stm32f10x_iwdg.o(i.IWDG_SetReload)
    IWDG_WriteAccessCmd                      0x08000ddd   Thumb Code     6  stm32f10x_iwdg.o(i.IWDG_WriteAccessCmd)
    Init_NB_Gprs                             0x08000de9   Thumb Code   308  bc28_nb.o(i.Init_NB_Gprs)
    MemManage_Handler                        0x0800103d   Thumb Code     4  stm32f10x_it.o(i.MemManage_Handler)
    NB_Net_cmd                               0x08001041   Thumb Code   116  bc28_nb.o(i.NB_Net_cmd)
    NMI_Handler                              0x080010d1   Thumb Code     2  stm32f10x_it.o(i.NMI_Handler)
    NVIC_Configuration                       0x080010d3   Thumb Code    12  init.o(i.NVIC_Configuration)
    NVIC_Init                                0x080010e1   Thumb Code   100  misc.o(i.NVIC_Init)
    NVIC_PriorityGroupConfig                 0x08001151   Thumb Code    10  misc.o(i.NVIC_PriorityGroupConfig)
    PendSV_Handler                           0x08001165   Thumb Code     2  stm32f10x_it.o(i.PendSV_Handler)
    RCC_APB1PeriphClockCmd                   0x08001169   Thumb Code    26  stm32f10x_rcc.o(i.RCC_APB1PeriphClockCmd)
    RCC_APB2PeriphClockCmd                   0x08001189   Thumb Code    26  stm32f10x_rcc.o(i.RCC_APB2PeriphClockCmd)
    RCC_GetClocksFreq                        0x080011a9   Thumb Code   192  stm32f10x_rcc.o(i.RCC_GetClocksFreq)
    SVC_Handler                              0x0800127d   Thumb Code     2  stm32f10x_it.o(i.SVC_Handler)
    SysTick_Handler                          0x08001369   Thumb Code   234  delay.o(i.SysTick_Handler)
    SystemInit                               0x08001469   Thumb Code    78  system_stm32f10x.o(i.SystemInit)
    USART1_IRQHandler                        0x080014c9   Thumb Code   216  usart.o(i.USART1_IRQHandler)
    USART2_IRQHandler                        0x080015b1   Thumb Code   226  usart.o(i.USART2_IRQHandler)
    USART3_IRQHandler                        0x080016a5   Thumb Code   110  wifi_esp.o(i.USART3_IRQHandler)
    USART_Cmd                                0x08001731   Thumb Code    24  stm32f10x_usart.o(i.USART_Cmd)
    USART_GetITStatus                        0x08001749   Thumb Code    84  stm32f10x_usart.o(i.USART_GetITStatus)
    USART_ITConfig                           0x0800179d   Thumb Code    74  stm32f10x_usart.o(i.USART_ITConfig)
    USART_Init                               0x080017e9   Thumb Code   210  stm32f10x_usart.o(i.USART_Init)
    USART_ReceiveData                        0x080018c1   Thumb Code    10  stm32f10x_usart.o(i.USART_ReceiveData)
    USART_SendData                           0x080018cb   Thumb Code     8  stm32f10x_usart.o(i.USART_SendData)
    UsageFault_Handler                       0x080018d3   Thumb Code     4  stm32f10x_it.o(i.UsageFault_Handler)
    Usart_init                               0x080018d9   Thumb Code    52  usart.o(i.Usart_init)
    _sys_exit                                0x08001ba7   Thumb Code     6  usart.o(i._sys_exit)
    cycleCounterInit                         0x08001bad   Thumb Code    50  delay.o(i.cycleCounterInit)
    fputc                                    0x08001bf1   Thumb Code   172  usart.o(i.fputc)
    main                                     0x08001d41   Thumb Code   156  main.o(i.main)
    time_tick                                0x08001ded   Thumb Code    44  delay.o(i.time_tick)
    Region$$Table$$Base                      0x08001e84   Number         0  anon$$obj.o(Region$$Table)
    Region$$Table$$Limit                     0x08001ea4   Number         0  anon$$obj.o(Region$$Table)
    SystemCoreClock                          0x20000000   Data           4  system_stm32f10x.o(.data)
    AHBPrescTable                            0x20000004   Data          16  system_stm32f10x.o(.data)
    USE_USART                                0x2000002c   Data           1  usart.o(.data)
    __stdout                                 0x20000030   Data           4  usart.o(.data)
    frameCounter                             0x20000044   Data           2  delay.o(.data)
    Time_statr_flag                          0x20000046   Data           1  delay.o(.data)
    Time_out_flag                            0x20000047   Data           1  delay.o(.data)
    Time_wait_cnt                            0x20000048   Data           4  delay.o(.data)
    MY_COMP                                  0x20000050   Data           8  wifi_esp.o(.data)
    USART1_MESSG                             0x20000078   Data         516  usart.o(.bss)
    USART2_MESSG                             0x2000027c   Data         516  usart.o(.bss)
    USART3_MESSG                             0x20000480   Data         516  usart.o(.bss)
    TIME_FLAG                                0x20000684   Data          32  delay.o(.bss)
    wifi_date_buf                            0x200006a4   Data        2048  wifi_esp.o(.bss)
    wifi_cmd_date                            0x20000ea4   Data          40  wifi_esp.o(.bss)
    __libspace_start                         0x20000ecc   Data          96  libspace.o(.bss)
    __temporary_stack_top$libspace           0x20000f2c   Data           0  libspace.o(.bss)



==============================================================================

Memory Map of the image

  Image Entry point : 0x080000ed

  Load Region LR_IROM1 (Base: 0x08000000, Size: 0x00001f1c, Max: 0x00010000, ABSOLUTE)

    Execution Region ER_IROM1 (Base: 0x08000000, Size: 0x00001ea4, Max: 0x00010000, ABSOLUTE)

    Base Addr    Size         Type   Attr      Idx    E Section Name        Object

    0x08000000   0x000000ec   Data   RO          193    RESET               startup_stm32f10x_md.o
    0x080000ec   0x00000008   Code   RO         6644  * !!!main             c_w.l(__main.o)
    0x080000f4   0x00000034   Code   RO         7031    !!!scatter          c_w.l(__scatter.o)
    0x08000128   0x0000001a   Code   RO         7033    !!handler_copy      c_w.l(__scatter_copy.o)
    0x08000142   0x00000002   PAD
    0x08000144   0x0000001c   Code   RO         7035    !!handler_zi        c_w.l(__scatter_zi.o)
    0x08000160   0x00000000   Code   RO         6625    .ARM.Collect$$_printf_percent$$00000000  c_w.l(_printf_percent.o)
    0x08000160   0x00000006   Code   RO         6624    .ARM.Collect$$_printf_percent$$00000009  c_w.l(_printf_d.o)
    0x08000166   0x00000006   Code   RO         6623    .ARM.Collect$$_printf_percent$$00000014  c_w.l(_printf_s.o)
    0x0800016c   0x00000004   Code   RO         6789    .ARM.Collect$$_printf_percent$$00000017  c_w.l(_printf_percent_end.o)
    0x08000170   0x00000002   Code   RO         6903    .ARM.Collect$$libinit$$00000000  c_w.l(libinit.o)
    0x08000172   0x00000000   Code   RO         6911    .ARM.Collect$$libinit$$00000002  c_w.l(libinit2.o)
    0x08000172   0x00000000   Code   RO         6913    .ARM.Collect$$libinit$$00000004  c_w.l(libinit2.o)
    0x08000172   0x00000000   Code   RO         6916    .ARM.Collect$$libinit$$0000000A  c_w.l(libinit2.o)
    0x08000172   0x00000000   Code   RO         6918    .ARM.Collect$$libinit$$0000000C  c_w.l(libinit2.o)
    0x08000172   0x00000000   Code   RO         6920    .ARM.Collect$$libinit$$0000000E  c_w.l(libinit2.o)
    0x08000172   0x00000000   Code   RO         6923    .ARM.Collect$$libinit$$00000011  c_w.l(libinit2.o)
    0x08000172   0x00000000   Code   RO         6925    .ARM.Collect$$libinit$$00000013  c_w.l(libinit2.o)
    0x08000172   0x00000000   Code   RO         6927    .ARM.Collect$$libinit$$00000015  c_w.l(libinit2.o)
    0x08000172   0x00000000   Code   RO         6929    .ARM.Collect$$libinit$$00000017  c_w.l(libinit2.o)
    0x08000172   0x00000000   Code   RO         6931    .ARM.Collect$$libinit$$00000019  c_w.l(libinit2.o)
    0x08000172   0x00000000   Code   RO         6933    .ARM.Collect$$libinit$$0000001B  c_w.l(libinit2.o)
    0x08000172   0x00000000   Code   RO         6935    .ARM.Collect$$libinit$$0000001D  c_w.l(libinit2.o)
    0x08000172   0x00000000   Code   RO         6937    .ARM.Collect$$libinit$$0000001F  c_w.l(libinit2.o)
    0x08000172   0x00000000   Code   RO         6939    .ARM.Collect$$libinit$$00000021  c_w.l(libinit2.o)
    0x08000172   0x00000000   Code   RO         6941    .ARM.Collect$$libinit$$00000023  c_w.l(libinit2.o)
    0x08000172   0x00000000   Code   RO         6943    .ARM.Collect$$libinit$$00000025  c_w.l(libinit2.o)
    0x08000172   0x00000000   Code   RO         6947    .ARM.Collect$$libinit$$0000002C  c_w.l(libinit2.o)
    0x08000172   0x00000000   Code   RO         6949    .ARM.Collect$$libinit$$0000002E  c_w.l(libinit2.o)
    0x08000172   0x00000000   Code   RO         6951    .ARM.Collect$$libinit$$00000030  c_w.l(libinit2.o)
    0x08000172   0x00000000   Code   RO         6953    .ARM.Collect$$libinit$$00000032  c_w.l(libinit2.o)
    0x08000172   0x00000002   Code   RO         6954    .ARM.Collect$$libinit$$00000033  c_w.l(libinit2.o)
    0x08000174   0x00000002   Code   RO         6974    .ARM.Collect$$libshutdown$$00000000  c_w.l(libshutdown.o)
    0x08000176   0x00000000   Code   RO         6985    .ARM.Collect$$libshutdown$$00000003  c_w.l(libshutdown2.o)
    0x08000176   0x00000000   Code   RO         6988    .ARM.Collect$$libshutdown$$00000006  c_w.l(libshutdown2.o)
    0x08000176   0x00000000   Code   RO         6991    .ARM.Collect$$libshutdown$$00000009  c_w.l(libshutdown2.o)
    0x08000176   0x00000000   Code   RO         6993    .ARM.Collect$$libshutdown$$0000000B  c_w.l(libshutdown2.o)
    0x08000176   0x00000000   Code   RO         6996    .ARM.Collect$$libshutdown$$0000000E  c_w.l(libshutdown2.o)
    0x08000176   0x00000002   Code   RO         6997    .ARM.Collect$$libshutdown$$0000000F  c_w.l(libshutdown2.o)
    0x08000178   0x00000000   Code   RO         6776    .ARM.Collect$$rtentry$$00000000  c_w.l(__rtentry.o)
    0x08000178   0x00000000   Code   RO         6862    .ARM.Collect$$rtentry$$00000002  c_w.l(__rtentry2.o)
    0x08000178   0x00000006   Code   RO         6874    .ARM.Collect$$rtentry$$00000004  c_w.l(__rtentry4.o)
    0x0800017e   0x00000000   Code   RO         6864    .ARM.Collect$$rtentry$$00000009  c_w.l(__rtentry2.o)
    0x0800017e   0x00000004   Code   RO         6865    .ARM.Collect$$rtentry$$0000000A  c_w.l(__rtentry2.o)
    0x08000182   0x00000000   Code   RO         6867    .ARM.Collect$$rtentry$$0000000C  c_w.l(__rtentry2.o)
    0x08000182   0x00000008   Code   RO         6868    .ARM.Collect$$rtentry$$0000000D  c_w.l(__rtentry2.o)
    0x0800018a   0x00000002   Code   RO         6908    .ARM.Collect$$rtexit$$00000000  c_w.l(rtexit.o)
    0x0800018c   0x00000000   Code   RO         6958    .ARM.Collect$$rtexit$$00000002  c_w.l(rtexit2.o)
    0x0800018c   0x00000004   Code   RO         6959    .ARM.Collect$$rtexit$$00000003  c_w.l(rtexit2.o)
    0x08000190   0x00000006   Code   RO         6960    .ARM.Collect$$rtexit$$00000004  c_w.l(rtexit2.o)
    0x08000196   0x00000002   PAD
    0x08000198   0x00000040   Code   RO          194    .text               startup_stm32f10x_md.o
    0x080001d8   0x00000002   Code   RO         6587    .text               c_w.l(use_no_semi_2.o)
    0x080001da   0x00000002   PAD
    0x080001dc   0x00000018   Code   RO         6593    .text               c_w.l(noretval__2printf.o)
    0x080001f4   0x00000028   Code   RO         6595    .text               c_w.l(noretval__2sprintf.o)
    0x0800021c   0x00000068   Code   RO         6597    .text               c_w.l(__printf.o)
    0x08000284   0x00000052   Code   RO         6599    .text               c_w.l(_printf_str.o)
    0x080002d6   0x00000002   PAD
    0x080002d8   0x00000078   Code   RO         6601    .text               c_w.l(_printf_dec.o)
    0x08000350   0x00000024   Code   RO         6626    .text               c_w.l(strstr.o)
    0x08000374   0x00000064   Code   RO         6634    .text               c_w.l(rt_memcpy_w.o)
    0x080003d8   0x00000044   Code   RO         6636    .text               c_w.l(rt_memclr.o)
    0x0800041c   0x0000004e   Code   RO         6638    .text               c_w.l(rt_memclr_w.o)
    0x0800046a   0x00000006   Code   RO         6642    .text               c_w.l(heapauxi.o)
    0x08000470   0x00000002   Code   RO         6774    .text               c_w.l(use_no_semi.o)
    0x08000472   0x000000b2   Code   RO         6779    .text               c_w.l(_printf_intcommon.o)
    0x08000524   0x00000030   Code   RO         6781    .text               c_w.l(_printf_char_common.o)
    0x08000554   0x0000000a   Code   RO         6783    .text               c_w.l(_sputc.o)
    0x0800055e   0x0000002c   Code   RO         6785    .text               c_w.l(_printf_char.o)
    0x0800058a   0x00000002   PAD
    0x0800058c   0x00000024   Code   RO         6787    .text               c_w.l(_printf_char_file.o)
    0x080005b0   0x00000008   Code   RO         6883    .text               c_w.l(ferror.o)
    0x080005b8   0x00000008   Code   RO         6891    .text               c_w.l(libspace.o)
    0x080005c0   0x0000004a   Code   RO         6894    .text               c_w.l(sys_stackheap_outer.o)
    0x0800060a   0x0000000c   Code   RO         6896    .text               c_w.l(exit.o)
    0x08000616   0x00000004   Code   RO           17    i.BusFault_Handler  stm32f10x_it.o
    0x0800061a   0x00000002   Code   RO           18    i.DebugMon_Handler  stm32f10x_it.o
    0x0800061c   0x00000002   Code   RO          503    i.Dma_init          usart.o
    0x0800061e   0x00000116   Code   RO         4769    i.GPIO_Init         stm32f10x_gpio.o
    0x08000734   0x00000004   Code   RO           19    i.HardFault_Handler  stm32f10x_it.o
    0x08000738   0x00000010   Code   RO          358    i.I2C1_ER_IRQHandler  iic.o
    0x08000748   0x00000010   Code   RO          359    i.I2C1_EV_IRQHandler  iic.o
    0x08000758   0x00000010   Code   RO          360    i.I2C2_ER_IRQHandler  iic.o
    0x08000768   0x00000010   Code   RO          361    i.I2C2_EV_IRQHandler  iic.o
    0x08000778   0x00000018   Code   RO         4878    i.I2C_AcknowledgeConfig  stm32f10x_i2c.o
    0x08000790   0x00000018   Code   RO         4883    i.I2C_Cmd           stm32f10x_i2c.o
    0x080007a8   0x00000018   Code   RO         4890    i.I2C_GenerateSTART  stm32f10x_i2c.o
    0x080007c0   0x00000018   Code   RO         4891    i.I2C_GenerateSTOP  stm32f10x_i2c.o
    0x080007d8   0x00000012   Code   RO         4896    i.I2C_ITConfig      stm32f10x_i2c.o
    0x080007ea   0x00000002   PAD
    0x080007ec   0x000000ec   Code   RO         4897    i.I2C_Init          stm32f10x_i2c.o
    0x080008d8   0x00000008   Code   RO         4902    i.I2C_ReceiveData   stm32f10x_i2c.o
    0x080008e0   0x00000012   Code   RO         4904    i.I2C_Send7bitAddress  stm32f10x_i2c.o
    0x080008f2   0x00000004   Code   RO         4905    i.I2C_SendData      stm32f10x_i2c.o
    0x080008f6   0x00000002   PAD
    0x080008f8   0x000000d4   Code   RO          362    i.I2cInit           iic.o
    0x080009cc   0x00000384   Code   RO          365    i.I2c_ev_handler    iic.o
    0x08000d50   0x00000010   Code   RO         5081    i.IWDG_Enable       stm32f10x_iwdg.o
    0x08000d60   0x00000008   Code   RO          433    i.IWDG_Feed         init.o
    0x08000d68   0x0000004c   Code   RO          434    i.IWDG_Init         init.o
    0x08000db4   0x00000010   Code   RO         5083    i.IWDG_ReloadCounter  stm32f10x_iwdg.o
    0x08000dc4   0x0000000c   Code   RO         5084    i.IWDG_SetPrescaler  stm32f10x_iwdg.o
    0x08000dd0   0x0000000c   Code   RO         5085    i.IWDG_SetReload    stm32f10x_iwdg.o
    0x08000ddc   0x0000000c   Code   RO         5086    i.IWDG_WriteAccessCmd  stm32f10x_iwdg.o
    0x08000de8   0x00000254   Code   RO         2368    i.Init_NB_Gprs      bc28_nb.o
    0x0800103c   0x00000004   Code   RO           20    i.MemManage_Handler  stm32f10x_it.o
    0x08001040   0x00000090   Code   RO         2369    i.NB_Net_cmd        bc28_nb.o
    0x080010d0   0x00000002   Code   RO           21    i.NMI_Handler       stm32f10x_it.o
    0x080010d2   0x0000000c   Code   RO          435    i.NVIC_Configuration  init.o
    0x080010de   0x00000002   PAD
    0x080010e0   0x00000070   Code   RO         3618    i.NVIC_Init         misc.o
    0x08001150   0x00000014   Code   RO         3619    i.NVIC_PriorityGroupConfig  misc.o
    0x08001164   0x00000002   Code   RO           22    i.PendSV_Handler    stm32f10x_it.o
    0x08001166   0x00000002   PAD
    0x08001168   0x00000020   Code   RO         5185    i.RCC_APB1PeriphClockCmd  stm32f10x_rcc.o
    0x08001188   0x00000020   Code   RO         5187    i.RCC_APB2PeriphClockCmd  stm32f10x_rcc.o
    0x080011a8   0x000000d4   Code   RO         5195    i.RCC_GetClocksFreq  stm32f10x_rcc.o
    0x0800127c   0x00000002   Code   RO           23    i.SVC_Handler       stm32f10x_it.o
    0x0800127e   0x00000008   Code   RO          157    i.SetSysClock       system_stm32f10x.o
    0x08001286   0x00000002   PAD
    0x08001288   0x000000e0   Code   RO          158    i.SetSysClockTo72   system_stm32f10x.o
    0x08001368   0x00000100   Code   RO          578    i.SysTick_Handler   delay.o
    0x08001468   0x00000060   Code   RO          160    i.SystemInit        system_stm32f10x.o
    0x080014c8   0x000000e8   Code   RO          506    i.USART1_IRQHandler  usart.o
    0x080015b0   0x000000f4   Code   RO          507    i.USART2_IRQHandler  usart.o
    0x080016a4   0x0000008c   Code   RO         2295    i.USART3_IRQHandler  wifi_esp.o
    0x08001730   0x00000018   Code   RO         6355    i.USART_Cmd         stm32f10x_usart.o
    0x08001748   0x00000054   Code   RO         6359    i.USART_GetITStatus  stm32f10x_usart.o
    0x0800179c   0x0000004a   Code   RO         6361    i.USART_ITConfig    stm32f10x_usart.o
    0x080017e6   0x00000002   PAD
    0x080017e8   0x000000d8   Code   RO         6362    i.USART_Init        stm32f10x_usart.o
    0x080018c0   0x0000000a   Code   RO         6369    i.USART_ReceiveData  stm32f10x_usart.o
    0x080018ca   0x00000008   Code   RO         6372    i.USART_SendData    stm32f10x_usart.o
    0x080018d2   0x00000004   Code   RO           24    i.UsageFault_Handler  stm32f10x_it.o
    0x080018d6   0x00000002   PAD
    0x080018d8   0x00000074   Code   RO          508    i.Usart_init        usart.o
    0x0800194c   0x0000022c   Code   RO          509    i.Usart_io_init     usart.o
    0x08001b78   0x0000002e   Code   RO          510    i.Usat_rcc_init     usart.o
    0x08001ba6   0x00000006   Code   RO          511    i._sys_exit         usart.o
    0x08001bac   0x00000044   Code   RO          579    i.cycleCounterInit  delay.o
    0x08001bf0   0x000000c4   Code   RO          512    i.fputc             usart.o
    0x08001cb4   0x0000008c   Code   RO          367    i.i2c_er_handler    iic.o
    0x08001d40   0x000000ac   Code   RO          904    i.main              main.o
    0x08001dec   0x0000003c   Code   RO          585    i.time_tick         delay.o
    0x08001e28   0x00000010   Data   RO          368    .constdata          iic.o
    0x08001e38   0x0000003c   Data   RO          514    .constdata          usart.o
    0x08001e74   0x0000000e   Data   RO         2306    .conststring        wifi_esp.o
    0x08001e82   0x00000002   PAD
    0x08001e84   0x00000020   Data   RO         7029    Region$$Table       anon$$obj.o


    Execution Region RW_IRAM1 (Base: 0x20000000, Size: 0x00001530, Max: 0x00005000, ABSOLUTE)

    Base Addr    Size         Type   Attr      Idx    E Section Name        Object

    0x20000000   0x00000014   Data   RW          161    .data               system_stm32f10x.o
    0x20000014   0x00000017   Data   RW          369    .data               iic.o
    0x2000002b   0x00000001   PAD
    0x2000002c   0x0000000a   Data   RW          515    .data               usart.o
    0x20000036   0x00000002   PAD
    0x20000038   0x00000018   Data   RW          587    .data               delay.o
    0x20000050   0x00000012   Data   RW         2307    .data               wifi_esp.o
    0x20000062   0x00000014   Data   RW         5215    .data               stm32f10x_rcc.o
    0x20000076   0x00000002   PAD
    0x20000078   0x0000060c   Zero   RW          513    .bss                usart.o
    0x20000684   0x00000020   Zero   RW          586    .bss                delay.o
    0x200006a4   0x00000828   Zero   RW         2305    .bss                wifi_esp.o
    0x20000ecc   0x00000060   Zero   RW         6892    .bss                c_w.l(libspace.o)
    0x20000f2c   0x00000004   PAD
    0x20000f30   0x00000200   Zero   RW          192    HEAP                startup_stm32f10x_md.o
    0x20001130   0x00000400   Zero   RW          191    STACK               startup_stm32f10x_md.o


==============================================================================

Image component sizes


      Code (inc. data)   RO Data    RW Data    ZI Data      Debug   Object Name

       740        316          0          0          0       1488   bc28_nb.o
         0          0          0          0          0       4536   core_cm3.o
       384         56          0         24         32       2946   delay.o
      1316        110         16         23          0       5747   iic.o
        96         24          0          0          0       1237   init.o
       172         16          0          0          0      15738   main.o
       132         22          0          0          0       1475   misc.o
        64         26        236          0       1536        760   startup_stm32f10x_md.o
       278          0          0          0          0       1908   stm32f10x_gpio.o
       380         14          0          0          0       6630   stm32f10x_i2c.o
        24          0          0          0          0     247264   stm32f10x_it.o
        68         30          0          0          0       2350   stm32f10x_iwdg.o
       276         32          0         20          0       4322   stm32f10x_rcc.o
       416          6          0          0          0       5327   stm32f10x_usart.o
       328         28          0         20          0       1937   system_stm32f10x.o
      1398        148         60         10       1548       8660   usart.o
       140         30         14         18       2088       2486   wifi_esp.o

    ----------------------------------------------------------------------
      6226        858        360        120       5204     314811   Object Totals
         0          0         32          0          0          0   (incl. Generated)
        14          0          2          5          0          0   (incl. Padding)

    ----------------------------------------------------------------------

      Code (inc. data)   RO Data    RW Data    ZI Data      Debug   Library Member Name

         8          0          0          0          0         68   __main.o
       104          0          0          0          0         84   __printf.o
         0          0          0          0          0          0   __rtentry.o
        12          0          0          0          0          0   __rtentry2.o
         6          0          0          0          0          0   __rtentry4.o
        52          8          0          0          0          0   __scatter.o
        26          0          0          0          0          0   __scatter_copy.o
        28          0          0          0          0          0   __scatter_zi.o
        44          0          0          0          0        108   _printf_char.o
        48          6          0          0          0         96   _printf_char_common.o
        36          4          0          0          0         80   _printf_char_file.o
         6          0          0          0          0          0   _printf_d.o
       120         16          0          0          0         92   _printf_dec.o
       178          0          0          0          0         88   _printf_intcommon.o
         0          0          0          0          0          0   _printf_percent.o
         4          0          0          0          0          0   _printf_percent_end.o
         6          0          0          0          0          0   _printf_s.o
        82          0          0          0          0         80   _printf_str.o
        10          0          0          0          0         68   _sputc.o
        12          0          0          0          0         72   exit.o
         8          0          0          0          0         68   ferror.o
         6          0          0          0          0        152   heapauxi.o
         2          0          0          0          0          0   libinit.o
         2          0          0          0          0          0   libinit2.o
         2          0          0          0          0          0   libshutdown.o
         2          0          0          0          0          0   libshutdown2.o
         8          4          0          0         96         68   libspace.o
        24          4          0          0          0         84   noretval__2printf.o
        40          6          0          0          0         84   noretval__2sprintf.o
        68          0          0          0          0         68   rt_memclr.o
        78          0          0          0          0         80   rt_memclr_w.o
       100          0          0          0          0         80   rt_memcpy_w.o
         2          0          0          0          0          0   rtexit.o
        10          0          0          0          0          0   rtexit2.o
        36          0          0          0          0         80   strstr.o
        74          0          0          0          0         80   sys_stackheap_outer.o
         2          0          0          0          0         68   use_no_semi.o
         2          0          0          0          0         68   use_no_semi_2.o

    ----------------------------------------------------------------------
      1258         48          0          0        100       1816   Library Totals
        10          0          0          0          4          0   (incl. Padding)

    ----------------------------------------------------------------------

      Code (inc. data)   RO Data    RW Data    ZI Data      Debug   Library Name

      1248         48          0          0         96       1816   c_w.l

    ----------------------------------------------------------------------
      1258         48          0          0        100       1816   Library Totals

    ----------------------------------------------------------------------

==============================================================================


      Code (inc. data)   RO Data    RW Data    ZI Data      Debug   

      7484        906        360        120       5304     312671   Grand Totals
      7484        906        360        120       5304     312671   ELF Image Totals
      7484        906        360        120          0          0   ROM Totals

==============================================================================

    Total RO  Size (Code + RO Data)                 7844 (   7.66kB)
    Total RW  Size (RW Data + ZI Data)              5424 (   5.30kB)
    Total ROM Size (Code + RO Data + RW Data)       7964 (   7.78kB)

==============================================================================

