<html>
<body>
<pre>
<h1>µVision Build Log</h1>
<h2>Tool Versions:</h2>
IDE-Version: ¦ÌVision V5.13.0.0
Copyright (C) 2014 ARM Ltd and ARM Germany GmbH. All rights reserved.
License Information: ZAM ZAM, ZAM, LIC=UB4CX-HJV9L-ZDMK6-D6WZS-IKFDD-KTBKV
 
Tool Versions:
Toolchain:       MDK-ARM Professional  Version: 5.13.0.0
Toolchain Path:  D:\Keil_v5\ARM\ARMCC\Bin
C Compiler:      Armcc.exe V5.05 update 1 (build 106)
Assembler:       Armasm.exe V5.05 update 1 (build 106)
Linker/Locator:  ArmLink.exe V5.05 update 1 (build 106)
Library Manager: ArmAr.exe V5.05 update 1 (build 106)
Hex Converter:   FromElf.exe V5.05 update 1 (build 106)
CPU DLL:         SARMCM3.DLL V5.13.0.0
Dialog DLL:      DCM.DLL V1.13.1.0
Target DLL:      Segger\JL2CM3.dll V2.99.11.0
Dialog DLL:      TCM.DLL V1.14.4.0
 
<h2>Project:</h2>
F:\STM32F1-DEMO\PRJ\STM32F1-DEMO.uvprojx
Project File Date:  05/11/2018

<h2>Output:</h2>
Build target 'STM32F1-DEMO'
compiling main.c...
..\LIBRRARY\messg_recive.h(39): warning:  #1295-D: Deprecated declaration Messge_Chan_Recive - give arg types
   void Messge_Chan_Recive();
..\LIBRRARY\messg_recive.h(45): warning:  #1-D: last line of file ends without a newline
   
..\MODULES\mpu6050.h(132): warning:  #1295-D: Deprecated declaration MPU6050_Init - give arg types
  uint8_t MPU6050_Init();
..\MODULES\mpu6050.h(133): warning:  #1295-D: Deprecated declaration MPU6050_Read - give arg types
  mpu6050_raw MPU6050_Read();
..\MAIN\main.c(85): warning:  #111-D: statement is unreachable
      return 0;
..\MAIN\main.c: 5 warnings, 0 errors
linking...
Program Size: Code=7484 RO-data=360 RW-data=120 ZI-data=5304  
".\Objects\STM32F1-DEMO.axf" - 0 Error(s), 5 Warning(s).

<h2>Collection of Component include folders:</h2>
  F:\STM32F1-DEMO\PRJ\RTE
  D:\Keil_v5\ARM\PACK\Keil\STM32F1xx_DFP\2.2.0

<h2>Collection of Component Files used:</h2>
</pre>
</body>
</html>
